Component: ARM Compiler 5.06 update 6 (build 750) Tool: armlink [4d35ed]

==============================================================================

Section Cross References

    main.o(i.Da_huong_4banh) refers to cosf.o(i.__hardfp_cosf) for __hardfp_cosf
    main.o(i.Da_huong_4banh) refers to main.o(.data) for .data
    main.o(i.Gamepad_hc05) refers to lcd.o(i.lcd_Goto) for lcd_Goto
    main.o(i.Gamepad_hc05) refers to lcd.o(i.lcd_Print_Data) for lcd_Print_Data
    main.o(i.Gamepad_hc05) refers to main.o(i.test_goc1) for test_goc1
    main.o(i.Gamepad_hc05) refers to main.o(i.test_chay_xoay) for test_chay_xoay
    main.o(i.Gamepad_hc05) refers to main.o(i.test_TZ2) for test_TZ2
    main.o(i.Gamepad_hc05) refers to config_pwm.o(i.delay_ms) for delay_ms
    main.o(i.Gamepad_hc05) refers to printf6.o(i.__0sprintf$6) for __2sprintf
    main.o(i.Gamepad_hc05) refers to main.o(.data) for .data
    main.o(i.Gamepad_hc05) refers to main.o(.bss) for .bss
    main.o(i.Test_Encoder) refers to config_pwm.o(i.delay_ms) for delay_ms
    main.o(i.Test_Encoder) refers to config_encoder.o(i.ReadEncoder) for ReadEncoder
    main.o(i.Test_Encoder) refers to main.o(.data) for .data
    main.o(i.Vgetchar1) refers to stm32f4xx_usart.o(i.USART_GetFlagStatus) for USART_GetFlagStatus
    main.o(i.Vgetchar1) refers to stm32f4xx_usart.o(i.USART_ReceiveData) for USART_ReceiveData
    main.o(i.Vsend_char) refers to stm32f4xx_usart.o(i.USART_SendData) for USART_SendData
    main.o(i.Vsend_char) refers to stm32f4xx_usart.o(i.USART_GetFlagStatus) for USART_GetFlagStatus
    main.o(i.delay_ms_stick) refers to main.o(.data) for .data
    main.o(i.main) refers to config_uart.o(i.config_uart1) for config_uart1
    main.o(i.main) refers to config_uart.o(i.config_uart4) for config_uart4
    main.o(i.main) refers to config_pwm.o(i.Config_timer67) for Config_timer67
    main.o(i.main) refers to config_encoder.o(i.ConfigEncoder) for ConfigEncoder
    main.o(i.main) refers to config_pwm.o(i.config_PWM) for config_PWM
    main.o(i.main) refers to config_io.o(i.Config_Input_Digital) for Config_Input_Digital
    main.o(i.main) refers to config_io.o(i.Config_Output_Digital) for Config_Output_Digital
    main.o(i.main) refers to elec_compass.o(i.config_compass) for config_compass
    main.o(i.main) refers to lcd.o(i.lcd_Init) for lcd_Init
    main.o(i.main) refers to config_encoder.o(i.ReadEncoder) for ReadEncoder
    main.o(i.main) refers to printf6.o(i.__0sprintf$6) for __2sprintf
    main.o(i.main) refers to lcd.o(i.lcd_Goto) for lcd_Goto
    main.o(i.main) refers to lcd.o(i.lcd_Print_Data) for lcd_Print_Data
    main.o(i.main) refers to main.o(i.Gamepad_hc05) for Gamepad_hc05
    main.o(i.main) refers to main.o(.data) for .data
    main.o(i.main) refers to system_stm32f4xx.o(.data) for SystemCoreClock
    main.o(i.send_string_uart) refers to stm32f4xx_usart.o(i.USART_SendData) for USART_SendData
    main.o(i.send_string_uart) refers to stm32f4xx_usart.o(i.USART_GetFlagStatus) for USART_GetFlagStatus
    main.o(i.send_uart2_char) refers to stm32f4xx_usart.o(i.USART_SendData) for USART_SendData
    main.o(i.send_uart2_char) refers to stm32f4xx_usart.o(i.USART_GetFlagStatus) for USART_GetFlagStatus
    main.o(i.test_PWM) refers to config_pwm.o(i.delay_ms) for delay_ms
    main.o(i.test_PWM) refers to main.o(.data) for .data
    main.o(i.test_TZ1) refers to config_encoder.o(i.ClearEncoder) for ClearEncoder
    main.o(i.test_TZ1) refers to config_pwm.o(i.delay_ms) for delay_ms
    main.o(i.test_TZ1) refers to config_encoder.o(i.ReadEncoder) for ReadEncoder
    main.o(i.test_TZ1) refers to main.o(.data) for .data
    main.o(i.test_TZ2) refers to config_encoder.o(i.ClearEncoder) for ClearEncoder
    main.o(i.test_TZ2) refers to config_pwm.o(i.delay_ms) for delay_ms
    main.o(i.test_TZ2) refers to config_encoder.o(i.ReadEncoder) for ReadEncoder
    main.o(i.test_TZ2) refers to main.o(.data) for .data
    main.o(i.test_chay_xoay) refers to config_encoder.o(i.ClearEncoder) for ClearEncoder
    main.o(i.test_chay_xoay) refers to config_pwm.o(i.delay_ms) for delay_ms
    main.o(i.test_chay_xoay) refers to config_encoder.o(i.ReadEncoder) for ReadEncoder
    main.o(i.test_chay_xoay) refers to printf6.o(i.__0sprintf$6) for __2sprintf
    main.o(i.test_chay_xoay) refers to lcd.o(i.lcd_Goto) for lcd_Goto
    main.o(i.test_chay_xoay) refers to lcd.o(i.lcd_Print_Data) for lcd_Print_Data
    main.o(i.test_chay_xoay) refers to main.o(.data) for .data
    main.o(i.test_goc1) refers to config_encoder.o(i.ClearEncoder) for ClearEncoder
    main.o(i.test_goc1) refers to config_pwm.o(i.delay_ms) for delay_ms
    main.o(i.test_goc1) refers to config_encoder.o(i.ReadEncoder) for ReadEncoder
    main.o(i.test_goc1) refers to printf6.o(i.__0sprintf$6) for __2sprintf
    main.o(i.test_goc1) refers to lcd.o(i.lcd_Goto) for lcd_Goto
    main.o(i.test_goc1) refers to lcd.o(i.lcd_Print_Data) for lcd_Print_Data
    main.o(i.test_goc1) refers to main.o(.data) for .data
[...]
    Removing stm32f4xx_i2c.o(i.I2C_NACKPositionConfig), (22 bytes).
    Removing stm32f4xx_i2c.o(i.I2C_OwnAddress2Config), (16 bytes).
    Removing stm32f4xx_i2c.o(i.I2C_PECPositionConfig), (22 bytes).
    Removing stm32f4xx_i2c.o(i.I2C_ReadRegister), (10 bytes).
    Removing stm32f4xx_i2c.o(i.I2C_ReceiveData), (6 bytes).
    Removing stm32f4xx_i2c.o(i.I2C_SMBusAlertConfig), (22 bytes).
    Removing stm32f4xx_i2c.o(i.I2C_Send7bitAddress), (16 bytes).
    Removing stm32f4xx_i2c.o(i.I2C_SendData), (4 bytes).
    Removing stm32f4xx_i2c.o(i.I2C_SoftwareResetCmd), (20 bytes).
    Removing stm32f4xx_i2c.o(i.I2C_StretchClockCmd), (20 bytes).
    Removing stm32f4xx_i2c.o(i.I2C_StructInit), (28 bytes).
    Removing stm32f4xx_i2c.o(i.I2C_TransmitPEC), (20 bytes).
    Removing stm32f4xx_iwdg.o(.emb_text), (8 bytes).
    Removing stm32f4xx_iwdg.o(i.IWDG_Enable), (16 bytes).
    Removing stm32f4xx_iwdg.o(i.IWDG_GetFlagStatus), (20 bytes).
    Removing stm32f4xx_iwdg.o(i.IWDG_ReloadCounter), (16 bytes).
    Removing stm32f4xx_iwdg.o(i.IWDG_SetPrescaler), (12 bytes).
    Removing stm32f4xx_iwdg.o(i.IWDG_SetReload), (12 bytes).
    Removing stm32f4xx_iwdg.o(i.IWDG_WriteAccessCmd), (12 bytes).
    Removing stm32f4xx_pwr.o(.emb_text), (8 bytes).
    Removing stm32f4xx_pwr.o(i.PWR_BackupAccessCmd), (12 bytes).
    Removing stm32f4xx_pwr.o(i.PWR_BackupRegulatorCmd), (12 bytes).
    Removing stm32f4xx_pwr.o(i.PWR_ClearFlag), (16 bytes).
    Removing stm32f4xx_pwr.o(i.PWR_DeInit), (24 bytes).
    Removing stm32f4xx_pwr.o(i.PWR_EnterSTANDBYMode), (40 bytes).
    Removing stm32f4xx_pwr.o(i.PWR_EnterSTOPMode), (52 bytes).
    Removing stm32f4xx_pwr.o(i.PWR_FlashPowerDownCmd), (12 bytes).
    Removing stm32f4xx_pwr.o(i.PWR_GetFlagStatus), (20 bytes).
    Removing stm32f4xx_pwr.o(i.PWR_MainRegulatorModeConfig), (28 bytes).
    Removing stm32f4xx_pwr.o(i.PWR_PVDCmd), (12 bytes).
    Removing stm32f4xx_pwr.o(i.PWR_PVDLevelConfig), (20 bytes).
    Removing stm32f4xx_pwr.o(i.PWR_WakeUpPinCmd), (12 bytes).
    Removing stm32f4xx_rng.o(.emb_text), (8 bytes).
    Removing stm32f4xx_rng.o(i.RNG_ClearFlag), (16 bytes).
    Removing stm32f4xx_rng.o(i.RNG_ClearITPendingBit), (16 bytes).
    Removing stm32f4xx_rng.o(i.RNG_Cmd), (28 bytes).
    Removing stm32f4xx_rng.o(i.RNG_DeInit), (22 bytes).
    Removing stm32f4xx_rng.o(i.RNG_GetFlagStatus), (20 bytes).
    Removing stm32f4xx_rng.o(i.RNG_GetITStatus), (20 bytes).
    Removing stm32f4xx_rng.o(i.RNG_GetRandomNumber), (12 bytes).
    Removing stm32f4xx_rng.o(i.RNG_ITConfig), (28 bytes).
    Removing stm32f4xx_rtc.o(.emb_text), (8 bytes).
    Removing stm32f4xx_rtc.o(i.RTC_AlarmCmd), (84 bytes).
    Removing stm32f4xx_rtc.o(i.RTC_AlarmStructInit), (20 bytes).
    Removing stm32f4xx_rtc.o(i.RTC_AlarmSubSecondConfig), (44 bytes).
    Removing stm32f4xx_rtc.o(i.RTC_Bcd2ToByte), (18 bytes).
    Removing stm32f4xx_rtc.o(i.RTC_BypassShadowCmd), (44 bytes).
    Removing stm32f4xx_rtc.o(i.RTC_ByteToBcd2), (24 bytes).
    Removing stm32f4xx_rtc.o(i.RTC_CalibOutputCmd), (44 bytes).
    Removing stm32f4xx_rtc.o(i.RTC_CalibOutputConfig), (40 bytes).
    Removing stm32f4xx_rtc.o(i.RTC_ClearFlag), (28 bytes).
    Removing stm32f4xx_rtc.o(i.RTC_ClearITPendingBit), (28 bytes).
    Removing stm32f4xx_rtc.o(i.RTC_CoarseCalibCmd), (60 bytes).
    Removing stm32f4xx_rtc.o(i.RTC_CoarseCalibConfig), (52 bytes).
    Removing stm32f4xx_rtc.o(i.RTC_DateStructInit), (14 bytes).
    Removing stm32f4xx_rtc.o(i.RTC_DayLightSavingConfig), (44 bytes).
    Removing stm32f4xx_rtc.o(i.RTC_DeInit), (152 bytes).
    Removing stm32f4xx_rtc.o(i.RTC_EnterInitMode), (60 bytes).
    Removing stm32f4xx_rtc.o(i.RTC_ExitInitMode), (16 bytes).
    Removing stm32f4xx_rtc.o(i.RTC_GetAlarm), (108 bytes).
    Removing stm32f4xx_rtc.o(i.RTC_GetAlarmSubSecond), (28 bytes).
    Removing stm32f4xx_rtc.o(i.RTC_GetDate), (72 bytes).
    Removing stm32f4xx_rtc.o(i.RTC_GetFlagStatus), (28 bytes).
    Removing stm32f4xx_rtc.o(i.RTC_GetITStatus), (56 bytes).
    Removing stm32f4xx_rtc.o(i.RTC_GetStoreOperation), (16 bytes).
    Removing stm32f4xx_rtc.o(i.RTC_GetSubSecond), (16 bytes).
    Removing stm32f4xx_rtc.o(i.RTC_GetTime), (76 bytes).
    Removing stm32f4xx_rtc.o(i.RTC_GetTimeStamp), (136 bytes).
    Removing stm32f4xx_rtc.o(i.RTC_GetTimeStampSubSecond), (12 bytes).
    Removing stm32f4xx_rtc.o(i.RTC_GetWakeUpCounter), (12 bytes).
    Removing stm32f4xx_rtc.o(i.RTC_ITConfig), (64 bytes).
    Removing stm32f4xx_rtc.o(i.RTC_Init), (80 bytes).
    Removing stm32f4xx_rtc.o(i.RTC_OutputConfig), (44 bytes).
    Removing stm32f4xx_rtc.o(i.RTC_OutputTypeConfig), (24 bytes).
    Removing stm32f4xx_rtc.o(i.RTC_ReadBackupRegister), (20 bytes).
    Removing stm32f4xx_rtc.o(i.RTC_RefClockCmd), (60 bytes).
    Removing stm32f4xx_rtc.o(i.RTC_SetAlarm), (164 bytes).
    Removing stm32f4xx_rtc.o(i.RTC_SetDate), (144 bytes).
    Removing stm32f4xx_rtc.o(i.RTC_SetTime), (152 bytes).
    Removing stm32f4xx_rtc.o(i.RTC_SetWakeUpCounter), (28 bytes).
    Removing stm32f4xx_rtc.o(i.RTC_SmoothCalibConfig), (76 bytes).
    Removing stm32f4xx_rtc.o(i.RTC_StructInit), (14 bytes).
    Removing stm32f4xx_rtc.o(i.RTC_SynchroShiftConfig), (88 bytes).
    Removing stm32f4xx_rtc.o(i.RTC_TamperCmd), (24 bytes).
    Removing stm32f4xx_rtc.o(i.RTC_TamperFilterConfig), (24 bytes).
    Removing stm32f4xx_rtc.o(i.RTC_TamperPinSelection), (24 bytes).
    Removing stm32f4xx_rtc.o(i.RTC_TamperPinsPrechargeDuration), (24 bytes).
    Removing stm32f4xx_rtc.o(i.RTC_TamperPullUpCmd), (28 bytes).
    Removing stm32f4xx_rtc.o(i.RTC_TamperSamplingFreqConfig), (24 bytes).
    Removing stm32f4xx_rtc.o(i.RTC_TamperTriggerConfig), (28 bytes).
    Removing stm32f4xx_rtc.o(i.RTC_TimeStampCmd), (48 bytes).
    Removing stm32f4xx_rtc.o(i.RTC_TimeStampOnTamperDetectionCmd), (28 bytes).
    Removing stm32f4xx_rtc.o(i.RTC_TimeStampPinSelection), (24 bytes).
    Removing stm32f4xx_rtc.o(i.RTC_TimeStructInit), (12 bytes).
    Removing stm32f4xx_rtc.o(i.RTC_WaitForSynchro), (76 bytes).
    Removing stm32f4xx_rtc.o(i.RTC_WakeUpClockConfig), (40 bytes).
    Removing stm32f4xx_rtc.o(i.RTC_WakeUpCmd), (88 bytes).
    Removing stm32f4xx_rtc.o(i.RTC_WriteBackupRegister), (20 bytes).
    Removing stm32f4xx_rtc.o(i.RTC_WriteProtectionCmd), (24 bytes).
    Removing stm32f4xx_sdio.o(.emb_text), (8 bytes).
    Removing stm32f4xx_sdio.o(i.SDIO_CEATAITCmd), (16 bytes).
    Removing stm32f4xx_sdio.o(i.SDIO_ClearFlag), (12 bytes).
    Removing stm32f4xx_sdio.o(i.SDIO_ClearITPendingBit), (12 bytes).
    Removing stm32f4xx_sdio.o(i.SDIO_ClockCmd), (12 bytes).
    Removing stm32f4xx_sdio.o(i.SDIO_CmdStructInit), (14 bytes).
    Removing stm32f4xx_sdio.o(i.SDIO_CommandCompletionCmd), (12 bytes).
    Removing stm32f4xx_sdio.o(i.SDIO_DMACmd), (12 bytes).
    Removing stm32f4xx_sdio.o(i.SDIO_DataConfig), (48 bytes).
    Removing stm32f4xx_sdio.o(i.SDIO_DataStructInit), (20 bytes).
    Removing stm32f4xx_sdio.o(i.SDIO_DeInit), (24 bytes).
    Removing stm32f4xx_sdio.o(i.SDIO_GetCommandResponse), (12 bytes).
    Removing stm32f4xx_sdio.o(i.SDIO_GetDataCounter), (12 bytes).
    Removing stm32f4xx_sdio.o(i.SDIO_GetFIFOCount), (12 bytes).
    Removing stm32f4xx_sdio.o(i.SDIO_GetFlagStatus), (20 bytes).
    Removing stm32f4xx_sdio.o(i.SDIO_GetITStatus), (20 bytes).
    Removing stm32f4xx_sdio.o(i.SDIO_GetPowerState), (16 bytes).
    Removing stm32f4xx_sdio.o(i.SDIO_GetResponse), (16 bytes).
    Removing stm32f4xx_sdio.o(i.SDIO_ITConfig), (24 bytes).
    Removing stm32f4xx_sdio.o(i.SDIO_Init), (44 bytes).
    Removing stm32f4xx_sdio.o(i.SDIO_ReadData), (12 bytes).
    Removing stm32f4xx_sdio.o(i.SDIO_SendCEATACmd), (12 bytes).
    Removing stm32f4xx_sdio.o(i.SDIO_SendCommand), (40 bytes).
    Removing stm32f4xx_sdio.o(i.SDIO_SendSDIOSuspendCmd), (12 bytes).
    Removing stm32f4xx_sdio.o(i.SDIO_SetPowerState), (12 bytes).
    Removing stm32f4xx_sdio.o(i.SDIO_SetSDIOOperation), (12 bytes).
    Removing stm32f4xx_sdio.o(i.SDIO_SetSDIOReadWaitMode), (12 bytes).
    Removing stm32f4xx_sdio.o(i.SDIO_StartSDIOReadWait), (12 bytes).
    Removing stm32f4xx_sdio.o(i.SDIO_StopSDIOReadWait), (12 bytes).
    Removing stm32f4xx_sdio.o(i.SDIO_StructInit), (16 bytes).
    Removing stm32f4xx_sdio.o(i.SDIO_WriteData), (12 bytes).
    Removing stm32f4xx_spi.o(.emb_text), (8 bytes).
    Removing stm32f4xx_spi.o(i.I2S_Cmd), (20 bytes).
    Removing stm32f4xx_spi.o(i.I2S_FullDuplexConfig), (58 bytes).
    Removing stm32f4xx_spi.o(i.I2S_Init), (200 bytes).
    Removing stm32f4xx_spi.o(i.I2S_StructInit), (18 bytes).
    Removing stm32f4xx_spi.o(i.SPI_BiDirectionalLineConfig), (22 bytes).
    Removing stm32f4xx_spi.o(i.SPI_CalculateCRC), (20 bytes).
    Removing stm32f4xx_spi.o(i.SPI_Cmd), (20 bytes).
    Removing stm32f4xx_spi.o(i.SPI_DataSizeConfig), (16 bytes).
    Removing stm32f4xx_spi.o(i.SPI_GetCRC), (12 bytes).
    Removing stm32f4xx_spi.o(i.SPI_GetCRCPolynomial), (4 bytes).
    Removing stm32f4xx_spi.o(i.SPI_I2S_ClearFlag), (6 bytes).
    Removing stm32f4xx_spi.o(i.SPI_I2S_ClearITPendingBit), (14 bytes).
    Removing stm32f4xx_spi.o(i.SPI_I2S_DMACmd), (16 bytes).
    Removing stm32f4xx_spi.o(i.SPI_I2S_DeInit), (84 bytes).
    Removing stm32f4xx_spi.o(i.SPI_I2S_GetFlagStatus), (14 bytes).
    Removing stm32f4xx_spi.o(i.SPI_I2S_GetITStatus), (42 bytes).
    Removing stm32f4xx_spi.o(i.SPI_I2S_ITConfig), (24 bytes).
    Removing stm32f4xx_spi.o(i.SPI_I2S_ReceiveData), (4 bytes).
    Removing stm32f4xx_spi.o(i.SPI_I2S_SendData), (4 bytes).
    Removing stm32f4xx_spi.o(i.SPI_Init), (56 bytes).
    Removing stm32f4xx_spi.o(i.SPI_NSSInternalSoftwareConfig), (24 bytes).
    Removing stm32f4xx_spi.o(i.SPI_SSOutputCmd), (20 bytes).
    Removing stm32f4xx_spi.o(i.SPI_StructInit), (24 bytes).
    Removing stm32f4xx_spi.o(i.SPI_TIModeCmd), (20 bytes).
    Removing stm32f4xx_spi.o(i.SPI_TransmitCRC), (10 bytes).
    Removing stm32f4xx_syscfg.o(.emb_text), (8 bytes).
    Removing stm32f4xx_syscfg.o(i.SYSCFG_CompensationCellCmd), (12 bytes).
    Removing stm32f4xx_syscfg.o(i.SYSCFG_DeInit), (24 bytes).
    Removing stm32f4xx_syscfg.o(i.SYSCFG_ETH_MediaInterfaceConfig), (12 bytes).
    Removing stm32f4xx_syscfg.o(i.SYSCFG_EXTILineConfig), (48 bytes).
    Removing stm32f4xx_syscfg.o(i.SYSCFG_GetCompensationCellStatus), (20 bytes).
    Removing stm32f4xx_syscfg.o(i.SYSCFG_MemoryRemapConfig), (12 bytes).
    Removing stm32f4xx_wwdg.o(.emb_text), (8 bytes).
    Removing stm32f4xx_wwdg.o(i.WWDG_ClearFlag), (12 bytes).
    Removing stm32f4xx_wwdg.o(i.WWDG_DeInit), (24 bytes).
    Removing stm32f4xx_wwdg.o(i.WWDG_Enable), (16 bytes).
    Removing stm32f4xx_wwdg.o(i.WWDG_EnableIT), (16 bytes).
    Removing stm32f4xx_wwdg.o(i.WWDG_GetFlagStatus), (20 bytes).
    Removing stm32f4xx_wwdg.o(i.WWDG_SetCounter), (16 bytes).
    Removing stm32f4xx_wwdg.o(i.WWDG_SetPrescaler), (20 bytes).
    Removing stm32f4xx_wwdg.o(i.WWDG_SetWindowValue), (28 bytes).
    Removing startup_stm32f4xx.o(HEAP), (512 bytes).
    Removing dadd.o(.text), (334 bytes).
    Removing dmul.o(.text), (228 bytes).
    Removing ddiv.o(.text), (222 bytes).
    Removing dfixul.o(.text), (48 bytes).
    Removing cdrcmple.o(.text), (48 bytes).
    Removing depilogue.o(.text), (186 bytes).

648 unused section(s) (total 23940 bytes) removed from the image.

==============================================================================

Image Symbol Table

    Local Symbols

    Symbol Name                              Value     Ov Type        Size  Object(Section)

    ../clib/../cmprslib/zerorunl2.c          0x00000000   Number         0  __dczerorl2.o ABSOLUTE
    ../clib/microlib/division.c              0x00000000   Number         0  uldiv.o ABSOLUTE
    ../clib/microlib/division.c              0x00000000   Number         0  uidiv.o ABSOLUTE
    ../clib/microlib/errno.c                 0x00000000   Number         0  errno.o ABSOLUTE
    ../clib/microlib/init/entry.s            0x00000000   Number         0  entry9b.o ABSOLUTE
    ../clib/microlib/init/entry.s            0x00000000   Number         0  entry10a.o ABSOLUTE
    ../clib/microlib/init/entry.s            0x00000000   Number         0  entry.o ABSOLUTE
    ../clib/microlib/init/entry.s            0x00000000   Number         0  entry9a.o ABSOLUTE
    ../clib/microlib/init/entry.s            0x00000000   Number         0  entry8b.o ABSOLUTE
    ../clib/microlib/init/entry.s            0x00000000   Number         0  entry7b.o ABSOLUTE
    ../clib/microlib/init/entry.s            0x00000000   Number         0  entry8a.o ABSOLUTE
    ../clib/microlib/init/entry.s            0x00000000   Number         0  entry2.o ABSOLUTE
    ../clib/microlib/init/entry.s            0x00000000   Number         0  entry11b.o ABSOLUTE
    ../clib/microlib/init/entry.s            0x00000000   Number         0  entry11a.o ABSOLUTE
    ../clib/microlib/init/entry.s            0x00000000   Number         0  entry10b.o ABSOLUTE
    ../clib/microlib/init/entry.s            0x00000000   Number         0  entry7a.o ABSOLUTE
    ../clib/microlib/init/entry.s            0x00000000   Number         0  entry5.o ABSOLUTE
    ../clib/microlib/longlong.c              0x00000000   Number         0  llshl.o ABSOLUTE
    ../clib/microlib/longlong.c              0x00000000   Number         0  llsshr.o ABSOLUTE
    ../clib/microlib/longlong.c              0x00000000   Number         0  llushr.o ABSOLUTE
    ../clib/microlib/printf/printf.c         0x00000000   Number         0  printf5.o ABSOLUTE
    ../clib/microlib/printf/printf.c         0x00000000   Number         0  printf1.o ABSOLUTE
    ../clib/microlib/printf/printf.c         0x00000000   Number         0  printfb.o ABSOLUTE
    ../clib/microlib/printf/printf.c         0x00000000   Number         0  printf7.o ABSOLUTE
    ../clib/microlib/printf/printf.c         0x00000000   Number         0  printf8.o ABSOLUTE
    ../clib/microlib/printf/printf.c         0x00000000   Number         0  printfa.o ABSOLUTE
    ../clib/microlib/printf/printf.c         0x00000000   Number         0  printf0.o ABSOLUTE
    ../clib/microlib/printf/printf.c         0x00000000   Number         0  printf6.o ABSOLUTE
    ../clib/microlib/printf/printf.c         0x00000000   Number         0  printf4.o ABSOLUTE
    ../clib/microlib/printf/printf.c         0x00000000   Number         0  printf3.o ABSOLUTE
    ../clib/microlib/printf/printf.c         0x00000000   Number         0  printf2.o ABSOLUTE
    ../clib/microlib/printf/stubs.s          0x00000000   Number         0  stubs.o ABSOLUTE
    ../clib/microlib/stdio/fputc.c           0x00000000   Number         0  fputc.o ABSOLUTE
    ../clib/microlib/stdio/semi.s            0x00000000   Number         0  semi.o ABSOLUTE
    ../clib/microlib/stdio/streams.c         0x00000000   Number         0  stdout.o ABSOLUTE
    ../clib/microlib/stubs.s                 0x00000000   Number         0  iusefp.o ABSOLUTE
    ../clib/microlib/stubs.s                 0x00000000   Number         0  iusesemip.o ABSOLUTE
    ../fplib/microlib/fpadd.c                0x00000000   Number         0  dadd.o ABSOLUTE
    ../fplib/microlib/fpdiv.c                0x00000000   Number         0  ddiv.o ABSOLUTE
    ../fplib/microlib/fpepilogue.c           0x00000000   Number         0  depilogue.o ABSOLUTE
    ../fplib/microlib/fpfix.c                0x00000000   Number         0  dfixul.o ABSOLUTE
    ../fplib/microlib/fpmul.c                0x00000000   Number         0  dmul.o ABSOLUTE
    ../mathlib/cosf.c                        0x00000000   Number         0  cosf_x.o ABSOLUTE
    ../mathlib/cosf.c                        0x00000000   Number         0  cosf.o ABSOLUTE
    ../mathlib/funder.c                      0x00000000   Number         0  funder.o ABSOLUTE
    ../mathlib/rredf.c                       0x00000000   Number         0  rredf.o ABSOLUTE
    ..\..\..\Libraries\CMSIS\ST\STM32F4xx\Source\Templates\arm\startup_stm32f4xx.s 0x00000000   Number         0  startup_stm32f4xx.o ABSOLUTE
    ..\..\..\Libraries\STM32F4xx_StdPeriph_Driver\src\misc.c 0x00000000   Number         0  misc.o ABSOLUTE
    ..\..\..\Libraries\STM32F4xx_StdPeriph_Driver\src\stm32f4xx_adc.c 0x00000000   Number         0  stm32f4xx_adc.o ABSOLUTE
    ..\..\..\Libraries\STM32F4xx_StdPeriph_Driver\src\stm32f4xx_can.c 0x00000000   Number         0  stm32f4xx_can.o ABSOLUTE
    ..\..\..\Libraries\STM32F4xx_StdPeriph_Driver\src\stm32f4xx_crc.c 0x00000000   Number         0  stm32f4xx_crc.o ABSOLUTE
    ..\..\..\Libraries\STM32F4xx_StdPeriph_Driver\src\stm32f4xx_cryp.c 0x00000000   Number         0  stm32f4xx_cryp.o ABSOLUTE
    ..\..\..\Libraries\STM32F4xx_StdPeriph_Driver\src\stm32f4xx_cryp_aes.c 0x00000000   Number         0  stm32f4xx_cryp_aes.o ABSOLUTE
    ..\..\..\Libraries\STM32F4xx_StdPeriph_Driver\src\stm32f4xx_cryp_des.c 0x00000000   Number         0  stm32f4xx_cryp_des.o ABSOLUTE
    ..\..\..\Libraries\STM32F4xx_StdPeriph_Driver\src\stm32f4xx_cryp_tdes.c 0x00000000   Number         0  stm32f4xx_cryp_tdes.o ABSOLUTE
    ..\..\..\Libraries\STM32F4xx_StdPeriph_Driver\src\stm32f4xx_dac.c 0x00000000   Number         0  stm32f4xx_dac.o ABSOLUTE
    ..\..\..\Libraries\STM32F4xx_StdPeriph_Driver\src\stm32f4xx_dbgmcu.c 0x00000000   Number         0  stm32f4xx_dbgmcu.o ABSOLUTE
    ..\..\..\Libraries\STM32F4xx_StdPeriph_Driver\src\stm32f4xx_dcmi.c 0x00000000   Number         0  stm32f4xx_dcmi.o ABSOLUTE
    ..\..\..\Libraries\STM32F4xx_StdPeriph_Driver\src\stm32f4xx_dma.c 0x00000000   Number         0  stm32f4xx_dma.o ABSOLUTE
    ..\..\..\Libraries\STM32F4xx_StdPeriph_Driver\src\stm32f4xx_exti.c 0x00000000   Number         0  stm32f4xx_exti.o ABSOLUTE
    ..\..\..\Libraries\STM32F4xx_StdPeriph_Driver\src\stm32f4xx_flash.c 0x00000000   Number         0  stm32f4xx_flash.o ABSOLUTE
    ..\..\..\Libraries\STM32F4xx_StdPeriph_Driver\src\stm32f4xx_fsmc.c 0x00000000   Number         0  stm32f4xx_fsmc.o ABSOLUTE
    ..\..\..\Libraries\STM32F4xx_StdPeriph_Driver\src\stm32f4xx_gpio.c 0x00000000   Number         0  stm32f4xx_gpio.o ABSOLUTE
    ..\..\..\Libraries\STM32F4xx_StdPeriph_Driver\src\stm32f4xx_hash.c 0x00000000   Number         0  stm32f4xx_hash.o ABSOLUTE
    ..\..\..\Libraries\STM32F4xx_StdPeriph_Driver\src\stm32f4xx_hash_md5.c 0x00000000   Number         0  stm32f4xx_hash_md5.o ABSOLUTE
    ..\..\..\Libraries\STM32F4xx_StdPeriph_Driver\src\stm32f4xx_hash_sha1.c 0x00000000   Number         0  stm32f4xx_hash_sha1.o ABSOLUTE
    ..\..\..\Libraries\STM32F4xx_StdPeriph_Driver\src\stm32f4xx_i2c.c 0x00000000   Number         0  stm32f4xx_i2c.o ABSOLUTE
    ..\..\..\Libraries\STM32F4xx_StdPeriph_Driver\src\stm32f4xx_iwdg.c 0x00000000   Number         0  stm32f4xx_iwdg.o ABSOLUTE
    ..\..\..\Libraries\STM32F4xx_StdPeriph_Driver\src\stm32f4xx_pwr.c 0x00000000   Number         0  stm32f4xx_pwr.o ABSOLUTE
    ..\..\..\Libraries\STM32F4xx_StdPeriph_Driver\src\stm32f4xx_rcc.c 0x00000000   Number         0  stm32f4xx_rcc.o ABSOLUTE
    ..\..\..\Libraries\STM32F4xx_StdPeriph_Driver\src\stm32f4xx_rng.c 0x00000000   Number         0  stm32f4xx_rng.o ABSOLUTE
    ..\..\..\Libraries\STM32F4xx_StdPeriph_Driver\src\stm32f4xx_rtc.c 0x00000000   Number         0  stm32f4xx_rtc.o ABSOLUTE
    ..\..\..\Libraries\STM32F4xx_StdPeriph_Driver\src\stm32f4xx_sdio.c 0x00000000   Number         0  stm32f4xx_sdio.o ABSOLUTE
    ..\..\..\Libraries\STM32F4xx_StdPeriph_Driver\src\stm32f4xx_spi.c 0x00000000   Number         0  stm32f4xx_spi.o ABSOLUTE
    ..\..\..\Libraries\STM32F4xx_StdPeriph_Driver\src\stm32f4xx_syscfg.c 0x00000000   Number         0  stm32f4xx_syscfg.o ABSOLUTE
    ..\..\..\Libraries\STM32F4xx_StdPeriph_Driver\src\stm32f4xx_tim.c 0x00000000   Number         0  stm32f4xx_tim.o ABSOLUTE
    ..\..\..\Libraries\STM32F4xx_StdPeriph_Driver\src\stm32f4xx_usart.c 0x00000000   Number         0  stm32f4xx_usart.o ABSOLUTE
    ..\..\..\Libraries\STM32F4xx_StdPeriph_Driver\src\stm32f4xx_wwdg.c 0x00000000   Number         0  stm32f4xx_wwdg.o ABSOLUTE
    ..\Elec_Compass.c                        0x00000000   Number         0  elec_compass.o ABSOLUTE
    ..\\..\\..\\Libraries\\STM32F4xx_StdPeriph_Driver\\src\\misc.c 0x00000000   Number         0  misc.o ABSOLUTE
    ..\\..\\..\\Libraries\\STM32F4xx_StdPeriph_Driver\\src\\stm32f4xx_adc.c 0x00000000   Number         0  stm32f4xx_adc.o ABSOLUTE
    ..\\..\\..\\Libraries\\STM32F4xx_StdPeriph_Driver\\src\\stm32f4xx_can.c 0x00000000   Number         0  stm32f4xx_can.o ABSOLUTE
    ..\\..\\..\\Libraries\\STM32F4xx_StdPeriph_Driver\\src\\stm32f4xx_crc.c 0x00000000   Number         0  stm32f4xx_crc.o ABSOLUTE
    ..\\..\\..\\Libraries\\STM32F4xx_StdPeriph_Driver\\src\\stm32f4xx_cryp.c 0x00000000   Number         0  stm32f4xx_cryp.o ABSOLUTE
    ..\\..\\..\\Libraries\\STM32F4xx_StdPeriph_Driver\\src\\stm32f4xx_cryp_aes.c 0x00000000   Number         0  stm32f4xx_cryp_aes.o ABSOLUTE
    ..\\..\\..\\Libraries\\STM32F4xx_StdPeriph_Driver\\src\\stm32f4xx_cryp_des.c 0x00000000   Number         0  stm32f4xx_cryp_des.o ABSOLUTE
    ..\\..\\..\\Libraries\\STM32F4xx_StdPeriph_Driver\\src\\stm32f4xx_cryp_tdes.c 0x00000000   Number         0  stm32f4xx_cryp_tdes.o ABSOLUTE
    ..\\..\\..\\Libraries\\STM32F4xx_StdPeriph_Driver\\src\\stm32f4xx_dac.c 0x00000000   Number         0  stm32f4xx_dac.o ABSOLUTE
    ..\\..\\..\\Libraries\\STM32F4xx_StdPeriph_Driver\\src\\stm32f4xx_dbgmcu.c 0x00000000   Number         0  stm32f4xx_dbgmcu.o ABSOLUTE
    ..\\..\\..\\Libraries\\STM32F4xx_StdPeriph_Driver\\src\\stm32f4xx_dcmi.c 0x00000000   Number         0  stm32f4xx_dcmi.o ABSOLUTE
    ..\\..\\..\\Libraries\\STM32F4xx_StdPeriph_Driver\\src\\stm32f4xx_dma.c 0x00000000   Number         0  stm32f4xx_dma.o ABSOLUTE
    ..\\..\\..\\Libraries\\STM32F4xx_StdPeriph_Driver\\src\\stm32f4xx_exti.c 0x00000000   Number         0  stm32f4xx_exti.o ABSOLUTE
    ..\\..\\..\\Libraries\\STM32F4xx_StdPeriph_Driver\\src\\stm32f4xx_flash.c 0x00000000   Number         0  stm32f4xx_flash.o ABSOLUTE
    ..\\..\\..\\Libraries\\STM32F4xx_StdPeriph_Driver\\src\\stm32f4xx_fsmc.c 0x00000000   Number         0  stm32f4xx_fsmc.o ABSOLUTE
    ..\\..\\..\\Libraries\\STM32F4xx_StdPeriph_Driver\\src\\stm32f4xx_gpio.c 0x00000000   Number         0  stm32f4xx_gpio.o ABSOLUTE
    ..\\..\\..\\Libraries\\STM32F4xx_StdPeriph_Driver\\src\\stm32f4xx_hash.c 0x00000000   Number         0  stm32f4xx_hash.o ABSOLUTE
    ..\\..\\..\\Libraries\\STM32F4xx_StdPeriph_Driver\\src\\stm32f4xx_hash_md5.c 0x00000000   Number         0  stm32f4xx_hash_md5.o ABSOLUTE
    ..\\..\\..\\Libraries\\STM32F4xx_StdPeriph_Driver\\src\\stm32f4xx_hash_sha1.c 0x00000000   Number         0  stm32f4xx_hash_sha1.o ABSOLUTE
    ..\\..\\..\\Libraries\\STM32F4xx_StdPeriph_Driver\\src\\stm32f4xx_i2c.c 0x00000000   Number         0  stm32f4xx_i2c.o ABSOLUTE
    ..\\..\\..\\Libraries\\STM32F4xx_StdPeriph_Driver\\src\\stm32f4xx_iwdg.c 0x00000000   Number         0  stm32f4xx_iwdg.o ABSOLUTE
    ..\\..\\..\\Libraries\\STM32F4xx_StdPeriph_Driver\\src\\stm32f4xx_pwr.c 0x00000000   Number         0  stm32f4xx_pwr.o ABSOLUTE
    ..\\..\\..\\Libraries\\STM32F4xx_StdPeriph_Driver\\src\\stm32f4xx_rcc.c 0x00000000   Number         0  stm32f4xx_rcc.o ABSOLUTE
    ..\\..\\..\\Libraries\\STM32F4xx_StdPeriph_Driver\\src\\stm32f4xx_rng.c 0x00000000   Number         0  stm32f4xx_rng.o ABSOLUTE
    ..\\..\\..\\Libraries\\STM32F4xx_StdPeriph_Driver\\src\\stm32f4xx_rtc.c 0x00000000   Number         0  stm32f4xx_rtc.o ABSOLUTE
    ..\\..\\..\\Libraries\\STM32F4xx_StdPeriph_Driver\\src\\stm32f4xx_sdio.c 0x00000000   Number         0  stm32f4xx_sdio.o ABSOLUTE
    ..\\..\\..\\Libraries\\STM32F4xx_StdPeriph_Driver\\src\\stm32f4xx_spi.c 0x00000000   Number         0  stm32f4xx_spi.o ABSOLUTE
    ..\\..\\..\\Libraries\\STM32F4xx_StdPeriph_Driver\\src\\stm32f4xx_syscfg.c 0x00000000   Number         0  stm32f4xx_syscfg.o ABSOLUTE
    ..\\..\\..\\Libraries\\STM32F4xx_StdPeriph_Driver\\src\\stm32f4xx_tim.c 0x00000000   Number         0  stm32f4xx_tim.o ABSOLUTE
    ..\\..\\..\\Libraries\\STM32F4xx_StdPeriph_Driver\\src\\stm32f4xx_usart.c 0x00000000   Number         0  stm32f4xx_usart.o ABSOLUTE
    ..\\..\\..\\Libraries\\STM32F4xx_StdPeriph_Driver\\src\\stm32f4xx_wwdg.c 0x00000000   Number         0  stm32f4xx_wwdg.o ABSOLUTE
    ..\\Elec_Compass.c                       0x00000000   Number         0  elec_compass.o ABSOLUTE
    ..\\config_IO.c                          0x00000000   Number         0  config_io.o ABSOLUTE
    ..\\config_encoder.c                     0x00000000   Number         0  config_encoder.o ABSOLUTE
    ..\\config_pwm.c                         0x00000000   Number         0  config_pwm.o ABSOLUTE
    ..\\config_uart.c                        0x00000000   Number         0  config_uart.o ABSOLUTE
    ..\\lcd.c                                0x00000000   Number         0  lcd.o ABSOLUTE
    ..\\main.c                               0x00000000   Number         0  main.o ABSOLUTE
    ..\\stm32f4xx_it.c                       0x00000000   Number         0  stm32f4xx_it.o ABSOLUTE
    ..\\system_stm32f4xx.c                   0x00000000   Number         0  system_stm32f4xx.o ABSOLUTE
    ..\config_IO.c                           0x00000000   Number         0  config_io.o ABSOLUTE
    ..\config_encoder.c                      0x00000000   Number         0  config_encoder.o ABSOLUTE
    ..\config_pwm.c                          0x00000000   Number         0  config_pwm.o ABSOLUTE
    ..\config_uart.c                         0x00000000   Number         0  config_uart.o ABSOLUTE
    ..\lcd.c                                 0x00000000   Number         0  lcd.o ABSOLUTE
    ..\main.c                                0x00000000   Number         0  main.o ABSOLUTE
    ..\stm32f4xx_it.c                        0x00000000   Number         0  stm32f4xx_it.o ABSOLUTE
    ..\system_stm32f4xx.c                    0x00000000   Number         0  system_stm32f4xx.o ABSOLUTE
    cdrcmple.s                               0x00000000   Number         0  cdrcmple.o ABSOLUTE
    dc.s                                     0x00000000   Number         0  dc.o ABSOLUTE
    handlers.s                               0x00000000   Number         0  handlers.o ABSOLUTE
    init.s                                   0x00000000   Number         0  init.o ABSOLUTE
    RESET                                    0x08000000   Section      392  startup_stm32f4xx.o(RESET)
    .ARM.Collect$$$$00000000                 0x08000188   Section        0  entry.o(.ARM.Collect$$$$00000000)
    .ARM.Collect$$$$00000001                 0x08000188   Section        4  entry2.o(.ARM.Collect$$$$00000001)
    .ARM.Collect$$$$00000004                 0x0800018c   Section        4  entry5.o(.ARM.Collect$$$$00000004)
    .ARM.Collect$$$$00000008                 0x08000190   Section        0  entry7b.o(.ARM.Collect$$$$00000008)
    .ARM.Collect$$$$0000000A                 0x08000190   Section        0  entry8b.o(.ARM.Collect$$$$0000000A)
    .ARM.Collect$$$$0000000B                 0x08000190   Section        8  entry9a.o(.ARM.Collect$$$$0000000B)
    .ARM.Collect$$$$0000000D                 0x08000198   Section        0  entry10a.o(.ARM.Collect$$$$0000000D)
    .ARM.Collect$$$$0000000F                 0x08000198   Section        0  entry11a.o(.ARM.Collect$$$$0000000F)
    .ARM.Collect$$$$00002712                 0x08000198   Section        4  entry2.o(.ARM.Collect$$$$00002712)
    __lit__00000000                          0x08000198   Data           4  entry2.o(.ARM.Collect$$$$00002712)
    .text                                    0x0800019c   Section       36  startup_stm32f4xx.o(.text)
    $v0                                      0x0800019c   Number         0  startup_stm32f4xx.o(.text)
    .text                                    0x080001c0   Section        0  uidiv.o(.text)
    .text                                    0x080001ec   Section        0  iusefp.o(.text)
    .text                                    0x080001ec   Section       36  init.o(.text)
    .text                                    0x08000210   Section        0  __dczerorl2.o(.text)
    i.BusFault_Handler                       0x08000266   Section        0  stm32f4xx_it.o(i.BusFault_Handler)
    i.ClearEncoder                           0x08000268   Section        0  config_encoder.o(i.ClearEncoder)
    i.ConfigEncoder                          0x080002a8   Section        0  config_encoder.o(i.ConfigEncoder)
    i.Config_Input_Digital                   0x080002d8   Section        0  config_io.o(i.Config_Input_Digital)
    i.Config_Output_Digital                  0x08000344   Section        0  config_io.o(i.Config_Output_Digital)
    i.Config_timer67                         0x0800039c   Section        0  config_pwm.o(i.Config_timer67)
    i.DMA1_Stream5_IRQHandler                0x0800041c   Section        0  elec_compass.o(i.DMA1_Stream5_IRQHandler)
    i.DMA_ClearITPendingBit                  0x08000490   Section        0  stm32f4xx_dma.o(i.DMA_ClearITPendingBit)
    i.DMA_Cmd                                0x080004bc   Section        0  stm32f4xx_dma.o(i.DMA_Cmd)
    i.DMA_GetFlagStatus                      0x080004d0   Section        0  stm32f4xx_dma.o(i.DMA_GetFlagStatus)
    i.DMA_ITConfig                           0x08000504   Section        0  stm32f4xx_dma.o(i.DMA_ITConfig)
    i.DMA_Init                               0x08000530   Section        0  stm32f4xx_dma.o(i.DMA_Init)
    i.Da_huong_4banh                         0x08000584   Section        0  main.o(i.Da_huong_4banh)
    i.DebugMon_Handler                       0x08000b90   Section        0  stm32f4xx_it.o(i.DebugMon_Handler)
    i.Encoder1_Tim2_Init                     0x08000b94   Section        0  config_encoder.o(i.Encoder1_Tim2_Init)
    i.Encoder2_Tim3_Init                     0x08000c78   Section        0  config_encoder.o(i.Encoder2_Tim3_Init)
    i.Encoder3_Tim4_Init                     0x08000d34   Section        0  config_encoder.o(i.Encoder3_Tim4_Init)
    i.Encoder4_Tim5_Init                     0x08000df4   Section        0  config_encoder.o(i.Encoder4_Tim5_Init)
    i.GPIO_Init                              0x08000eac   Section        0  stm32f4xx_gpio.o(i.GPIO_Init)
    i.GPIO_PinAFConfig                       0x08000f4e   Section        0  stm32f4xx_gpio.o(i.GPIO_PinAFConfig)
    i.Gamepad_hc05                           0x08000f70   Section        0  main.o(i.Gamepad_hc05)
    i.HardFault_Handler                      0x08001228   Section        0  stm32f4xx_it.o(i.HardFault_Handler)
    i.MemManage_Handler                      0x0800122a   Section        0  stm32f4xx_it.o(i.MemManage_Handler)
    i.NMI_Handler                            0x0800122c   Section        0  stm32f4xx_it.o(i.NMI_Handler)
    i.NVIC_Config_tim2                       0x0800122e   Section        0  config_encoder.o(i.NVIC_Config_tim2)
    i.NVIC_Config_tim3                       0x08001250   Section        0  config_encoder.o(i.NVIC_Config_tim3)
    i.NVIC_Config_tim4                       0x08001272   Section        0  config_encoder.o(i.NVIC_Config_tim4)
    i.NVIC_Config_tim5                       0x08001294   Section        0  config_encoder.o(i.NVIC_Config_tim5)
    i.NVIC_Init                              0x080012b8   Section        0  misc.o(i.NVIC_Init)
    i.PendSV_Handler                         0x0800131c   Section        0  stm32f4xx_it.o(i.PendSV_Handler)
    i.RCC_AHB1PeriphClockCmd                 0x08001320   Section        0  stm32f4xx_rcc.o(i.RCC_AHB1PeriphClockCmd)
    i.RCC_APB1PeriphClockCmd                 0x08001338   Section        0  stm32f4xx_rcc.o(i.RCC_APB1PeriphClockCmd)
    i.RCC_APB2PeriphClockCmd                 0x08001350   Section        0  stm32f4xx_rcc.o(i.RCC_APB2PeriphClockCmd)
    i.RCC_GetClocksFreq                      0x08001368   Section        0  stm32f4xx_rcc.o(i.RCC_GetClocksFreq)
    i.ReadEncoder                            0x080013f8   Section        0  config_encoder.o(i.ReadEncoder)
    i.SVC_Handler                            0x0800143c   Section        0  stm32f4xx_it.o(i.SVC_Handler)
    i.SysTick_Handler                        0x08001440   Section        0  stm32f4xx_it.o(i.SysTick_Handler)
    i.SystemInit                             0x0800150c   Section        0  system_stm32f4xx.o(i.SystemInit)
    i.TI1_Config                             0x08001568   Section        0  stm32f4xx_tim.o(i.TI1_Config)
    TI1_Config                               0x08001569   Thumb Code    46  stm32f4xx_tim.o(i.TI1_Config)
    i.TI2_Config                             0x08001596   Section        0  stm32f4xx_tim.o(i.TI2_Config)
    TI2_Config                               0x08001597   Thumb Code    54  stm32f4xx_tim.o(i.TI2_Config)
    i.TIM2_IRQHandler                        0x080015cc   Section        0  config_encoder.o(i.TIM2_IRQHandler)
    i.TIM3_IRQHandler                        0x080015f0   Section        0  config_encoder.o(i.TIM3_IRQHandler)
    i.TIM4_IRQHandler                        0x08001618   Section        0  config_encoder.o(i.TIM4_IRQHandler)
    i.TIM5_IRQHandler                        0x08001640   Section        0  config_encoder.o(i.TIM5_IRQHandler)
    i.TIM_ARRPreloadConfig                   0x08001668   Section        0  stm32f4xx_tim.o(i.TIM_ARRPreloadConfig)
    i.TIM_Cmd                                0x0800167c   Section        0  stm32f4xx_tim.o(i.TIM_Cmd)
    i.TIM_CtrlPWMOutputs                     0x08001690   Section        0  stm32f4xx_tim.o(i.TIM_CtrlPWMOutputs)
    i.TIM_EncoderInterfaceConfig             0x080016a6   Section        0  stm32f4xx_tim.o(i.TIM_EncoderInterfaceConfig)
    i.TIM_ICInit                             0x080016d8   Section        0  stm32f4xx_tim.o(i.TIM_ICInit)
    i.TIM_ITConfig                           0x08001784   Section        0  stm32f4xx_tim.o(i.TIM_ITConfig)
    i.TIM_OC1Init                            0x08001794   Section        0  stm32f4xx_tim.o(i.TIM_OC1Init)
    i.TIM_OC2Init                            0x080017f4   Section        0  stm32f4xx_tim.o(i.TIM_OC2Init)
    i.TIM_OC3Init                            0x08001874   Section        0  stm32f4xx_tim.o(i.TIM_OC3Init)
    i.TIM_OC4Init                            0x080018f0   Section        0  stm32f4xx_tim.o(i.TIM_OC4Init)
    i.TIM_SetCounter                         0x08001950   Section        0  stm32f4xx_tim.o(i.TIM_SetCounter)
    i.TIM_SetIC1Prescaler                    0x08001954   Section        0  stm32f4xx_tim.o(i.TIM_SetIC1Prescaler)
    i.TIM_SetIC2Prescaler                    0x08001964   Section        0  stm32f4xx_tim.o(i.TIM_SetIC2Prescaler)
    i.TIM_SetIC3Prescaler                    0x0800197c   Section        0  stm32f4xx_tim.o(i.TIM_SetIC3Prescaler)
    i.TIM_SetIC4Prescaler                    0x0800198c   Section        0  stm32f4xx_tim.o(i.TIM_SetIC4Prescaler)
    i.TIM_TimeBaseInit                       0x080019a4   Section        0  stm32f4xx_tim.o(i.TIM_TimeBaseInit)
    i.Tang_giam_SPEED                        0x08001a20   Section        0  stm32f4xx_it.o(i.Tang_giam_SPEED)
    i.USART1_IRQHandler                      0x08001b10   Section        0  stm32f4xx_it.o(i.USART1_IRQHandler)
    i.USART_ClearFlag                        0x08001bb0   Section        0  stm32f4xx_usart.o(i.USART_ClearFlag)
    i.USART_ClearITPendingBit                0x08001bb6   Section        0  stm32f4xx_usart.o(i.USART_ClearITPendingBit)
    i.USART_Cmd                              0x08001bc2   Section        0  stm32f4xx_usart.o(i.USART_Cmd)
    i.USART_DMACmd                           0x08001bd6   Section        0  stm32f4xx_usart.o(i.USART_DMACmd)
    i.USART_GetITStatus                      0x08001be6   Section        0  stm32f4xx_usart.o(i.USART_GetITStatus)
    i.USART_ITConfig                         0x08001c24   Section        0  stm32f4xx_usart.o(i.USART_ITConfig)
    i.USART_Init                             0x08001c54   Section        0  stm32f4xx_usart.o(i.USART_Init)
    i.UsageFault_Handler                     0x08001d00   Section        0  stm32f4xx_it.o(i.UsageFault_Handler)
    i.__0sprintf$6                           0x08001d04   Section        0  printf6.o(i.__0sprintf$6)
    i.__hardfp_cosf                          0x08001d2c   Section        0  cosf.o(i.__hardfp_cosf)
    i.__mathlib_flt_infnan                   0x08001e7c   Section        0  funder.o(i.__mathlib_flt_infnan)
    i.__mathlib_flt_invalid                  0x08001e84   Section        0  funder.o(i.__mathlib_flt_invalid)
    i.__mathlib_rredf2                       0x08001e94   Section        0  rredf.o(i.__mathlib_rredf2)
    i.__scatterload_copy                     0x08001fe8   Section       14  handlers.o(i.__scatterload_copy)
    i.__scatterload_null                     0x08001ff6   Section        2  handlers.o(i.__scatterload_null)
    i.__scatterload_zeroinit                 0x08001ff8   Section       14  handlers.o(i.__scatterload_zeroinit)
    i.__set_errno                            0x08002008   Section        0  errno.o(i.__set_errno)
    i._printf_core                           0x08002014   Section        0  printf6.o(i._printf_core)
    _printf_core                             0x08002015   Thumb Code   748  printf6.o(i._printf_core)
    i._printf_post_padding                   0x08002304   Section        0  printf6.o(i._printf_post_padding)
    _printf_post_padding                     0x08002305   Thumb Code    36  printf6.o(i._printf_post_padding)
    i._printf_pre_padding                    0x08002328   Section        0  printf6.o(i._printf_pre_padding)
    _printf_pre_padding                      0x08002329   Thumb Code    46  printf6.o(i._printf_pre_padding)
    i._sputc                                 0x08002356   Section        0  printf6.o(i._sputc)
    _sputc                                   0x08002357   Thumb Code    10  printf6.o(i._sputc)
    i.config_PWM                             0x08002360   Section        0  config_pwm.o(i.config_PWM)
    i.config_clock_external                  0x08002504   Section        0  system_stm32f4xx.o(i.config_clock_external)
    i.config_compass                         0x080025b8   Section        0  elec_compass.o(i.config_compass)
    i.config_dma_uart2_rx                    0x080025d0   Section        0  elec_compass.o(i.config_dma_uart2_rx)
    i.config_ngat_dma1_uart2_rx_compass      0x0800264c   Section        0  elec_compass.o(i.config_ngat_dma1_uart2_rx_compass)
    i.config_uart1                           0x0800267c   Section        0  config_uart.o(i.config_uart1)
    i.config_uart2                           0x08002734   Section        0  config_uart.o(i.config_uart2)
    i.config_uart4                           0x080027c4   Section        0  config_uart.o(i.config_uart4)
    i.delay                                  0x08002854   Section        0  lcd.o(i.delay)
    delay                                    0x08002855   Thumb Code    20  lcd.o(i.delay)
    i.delay_ms                               0x0800286c   Section        0  config_pwm.o(i.delay_ms)
    i.delay_us                               0x08002884   Section        0  config_pwm.o(i.delay_us)
    i.lcd_Control_Write                      0x08002898   Section        0  lcd.o(i.lcd_Control_Write)
    i.lcd_Data_Write                         0x080028ac   Section        0  lcd.o(i.lcd_Data_Write)
    i.lcd_Goto                               0x080028cc   Section        0  lcd.o(i.lcd_Goto)
    i.lcd_Init                               0x080028fc   Section        0  lcd.o(i.lcd_Init)
    i.lcd_Init_HW                            0x08002960   Section        0  lcd.o(i.lcd_Init_HW)
    i.lcd_Print_Data                         0x080029d4   Section        0  lcd.o(i.lcd_Print_Data)
    i.lcd_data_line_write                    0x080029e8   Section        0  lcd.o(i.lcd_data_line_write)
    i.main                                   0x08002ab4   Section        0  main.o(i.main)
    i.test_TZ2                               0x08002bc8   Section        0  main.o(i.test_TZ2)
    i.test_chay_xoay                         0x08002c80   Section        0  main.o(i.test_chay_xoay)
    i.test_goc1                              0x08002d20   Section        0  main.o(i.test_goc1)
    .constdata                               0x08002fd0   Section       32  rredf.o(.constdata)
    twooverpi                                0x08002fd0   Data          32  rredf.o(.constdata)
    .data                                    0x20000000   Section      220  main.o(.data)
    .data                                    0x200000dc   Section        1  main.o(.data)
    .data                                    0x200000de   Section        2  main.o(.data)
    .data                                    0x200000e0   Section        2  main.o(.data)
    .data                                    0x200000e2   Section        2  main.o(.data)
    .data                                    0x200000e4   Section        1  main.o(.data)
    .data                                    0x200000e6   Section        2  main.o(.data)
    .data                                    0x200000e8   Section        2  main.o(.data)
    .data                                    0x200000ea   Section        1  main.o(.data)
    .data                                    0x200000ec   Section        6  stm32f4xx_it.o(.data)
    i                                        0x200000ec   Data           1  stm32f4xx_it.o(.data)
    j                                        0x200000ed   Data           1  stm32f4xx_it.o(.data)
    k                                        0x200000ee   Data           1  stm32f4xx_it.o(.data)
    num                                      0x200000ef   Data           1  stm32f4xx_it.o(.data)
    .data                                    0x200000f4   Section       20  system_stm32f4xx.o(.data)
    .data                                    0x20000108   Section       16  config_encoder.o(.data)
    .data                                    0x20000118   Section        4  elec_compass.o(.data)
    .data                                    0x2000011c   Section       16  stm32f4xx_rcc.o(.data)
    APBAHBPrescTable                         0x2000011c   Data          16  stm32f4xx_rcc.o(.data)
    .data                                    0x2000012c   Section        4  errno.o(.data)
    _errno                                   0x2000012c   Data           4  errno.o(.data)
    .bss                                     0x20000130   Section       10  main.o(.bss)
    .bss                                     0x2000013a   Section      100  main.o(.bss)
    STACK                                    0x200001a0   Section     1024  startup_stm32f4xx.o(STACK)

    Global Symbols

    Symbol Name                              Value     Ov Type        Size  Object(Section)

    BuildAttributes$$THM_ISAv4$E$P$D$K$B$S$7EM$VFPi3$EXTD16$VFPS$VFMA$PE$A:L22UL41UL21$X:L11$S22US41US21$IEEE1$IW$USESV6$~STKCKD$USESV7$~SHL$OTIME$ROPI$IEEEX$EBA8$MICROLIB$REQ8$PRES8$EABIv2 0x00000000   Number         0  anon$$obj.o ABSOLUTE
    __ARM_use_no_argv                        0x00000000   Number         0  main.o ABSOLUTE
    _printf_a                                0x00000000   Number         0  stubs.o ABSOLUTE
    _printf_c                                0x00000000   Number         0  stubs.o ABSOLUTE
    _printf_charcount                        0x00000000   Number         0  stubs.o ABSOLUTE
    _printf_d                                0x00000000   Number         0  stubs.o ABSOLUTE
    _printf_e                                0x00000000   Number         0  stubs.o ABSOLUTE
    _printf_f                                0x00000000   Number         0  stubs.o ABSOLUTE
    _printf_flags                            0x00000000   Number         0  stubs.o ABSOLUTE
    _printf_fp_dec                           0x00000000   Number         0  stubs.o ABSOLUTE
    _printf_fp_hex                           0x00000000   Number         0  stubs.o ABSOLUTE
    _printf_g                                0x00000000   Number         0  stubs.o ABSOLUTE
    _printf_i                                0x00000000   Number         0  stubs.o ABSOLUTE
    _printf_int_dec                          0x00000000   Number         0  stubs.o ABSOLUTE
    _printf_l                                0x00000000   Number         0  stubs.o ABSOLUTE
    _printf_lc                               0x00000000   Number         0  stubs.o ABSOLUTE
    _printf_ll                               0x00000000   Number         0  stubs.o ABSOLUTE
    _printf_lld                              0x00000000   Number         0  stubs.o ABSOLUTE
    _printf_lli                              0x00000000   Number         0  stubs.o ABSOLUTE
    _printf_llo                              0x00000000   Number         0  stubs.o ABSOLUTE
    _printf_llu                              0x00000000   Number         0  stubs.o ABSOLUTE
    _printf_llx                              0x00000000   Number         0  stubs.o ABSOLUTE
    _printf_longlong_dec                     0x00000000   Number         0  stubs.o ABSOLUTE
    _printf_longlong_hex                     0x00000000   Number         0  stubs.o ABSOLUTE
    _printf_longlong_oct                     0x00000000   Number         0  stubs.o ABSOLUTE
    _printf_ls                               0x00000000   Number         0  stubs.o ABSOLUTE
    _printf_mbtowc                           0x00000000   Number         0  stubs.o ABSOLUTE
    _printf_n                                0x00000000   Number         0  stubs.o ABSOLUTE
    _printf_o                                0x00000000   Number         0  stubs.o ABSOLUTE
    _printf_p                                0x00000000   Number         0  stubs.o ABSOLUTE
    _printf_percent                          0x00000000   Number         0  stubs.o ABSOLUTE
    _printf_pre_padding                      0x00000000   Number         0  stubs.o ABSOLUTE
    _printf_return_value                     0x00000000   Number         0  stubs.o ABSOLUTE
    _printf_s                                0x00000000   Number         0  stubs.o ABSOLUTE
    _printf_sizespec                         0x00000000   Number         0  stubs.o ABSOLUTE
    _printf_str                              0x00000000   Number         0  stubs.o ABSOLUTE
    _printf_truncate_signed                  0x00000000   Number         0  stubs.o ABSOLUTE
    _printf_truncate_unsigned                0x00000000   Number         0  stubs.o ABSOLUTE
    _printf_u                                0x00000000   Number         0  stubs.o ABSOLUTE
    _printf_wc                               0x00000000   Number         0  stubs.o ABSOLUTE
    _printf_wctomb                           0x00000000   Number         0  stubs.o ABSOLUTE
    _printf_widthprec                        0x00000000   Number         0  stubs.o ABSOLUTE
    _printf_x                                0x00000000   Number         0  stubs.o ABSOLUTE
    __cpp_initialize__aeabi_                  - Undefined Weak Reference
    __cxa_finalize                            - Undefined Weak Reference
    _clock_init                               - Undefined Weak Reference
    _microlib_exit                            - Undefined Weak Reference
    __Vectors_Size                           0x00000188   Number         0  startup_stm32f4xx.o ABSOLUTE
    __Vectors                                0x08000000   Data           4  startup_stm32f4xx.o(RESET)
    __Vectors_End                            0x08000188   Data           0  startup_stm32f4xx.o(RESET)
    __main                                   0x08000189   Thumb Code     0  entry.o(.ARM.Collect$$$$00000000)
    _main_stk                                0x08000189   Thumb Code     0  entry2.o(.ARM.Collect$$$$00000001)
    _main_scatterload                        0x0800018d   Thumb Code     0  entry5.o(.ARM.Collect$$$$00000004)
    __main_after_scatterload                 0x08000191   Thumb Code     0  entry5.o(.ARM.Collect$$$$00000004)
    _main_clock                              0x08000191   Thumb Code     0  entry7b.o(.ARM.Collect$$$$00000008)
    _main_cpp_init                           0x08000191   Thumb Code     0  entry8b.o(.ARM.Collect$$$$0000000A)
    _main_init                               0x08000191   Thumb Code     0  entry9a.o(.ARM.Collect$$$$0000000B)
    __rt_final_cpp                           0x08000199   Thumb Code     0  entry10a.o(.ARM.Collect$$$$0000000D)
    __rt_final_exit                          0x08000199   Thumb Code     0  entry11a.o(.ARM.Collect$$$$0000000F)
    Reset_Handler                            0x0800019d   Thumb Code     8  startup_stm32f4xx.o(.text)
    ADC_IRQHandler                           0x080001b7   Thumb Code     0  startup_stm32f4xx.o(.text)
    CAN1_RX0_IRQHandler                      0x080001b7   Thumb Code     0  startup_stm32f4xx.o(.text)
    CAN1_RX1_IRQHandler                      0x080001b7   Thumb Code     0  startup_stm32f4xx.o(.text)
    CAN1_SCE_IRQHandler                      0x080001b7   Thumb Code     0  startup_stm32f4xx.o(.text)
    CAN1_TX_IRQHandler                       0x080001b7   Thumb Code     0  startup_stm32f4xx.o(.text)
    CAN2_RX0_IRQHandler                      0x080001b7   Thumb Code     0  startup_stm32f4xx.o(.text)
    CAN2_RX1_IRQHandler                      0x080001b7   Thumb Code     0  startup_stm32f4xx.o(.text)
    CAN2_SCE_IRQHandler                      0x080001b7   Thumb Code     0  startup_stm32f4xx.o(.text)
    CAN2_TX_IRQHandler                       0x080001b7   Thumb Code     0  startup_stm32f4xx.o(.text)
    CRYP_IRQHandler                          0x080001b7   Thumb Code     0  startup_stm32f4xx.o(.text)
    DCMI_IRQHandler                          0x080001b7   Thumb Code     0  startup_stm32f4xx.o(.text)
    DMA1_Stream0_IRQHandler                  0x080001b7   Thumb Code     0  startup_stm32f4xx.o(.text)
    DMA1_Stream1_IRQHandler                  0x080001b7   Thumb Code     0  startup_stm32f4xx.o(.text)
    DMA1_Stream2_IRQHandler                  0x080001b7   Thumb Code     0  startup_stm32f4xx.o(.text)
    DMA1_Stream3_IRQHandler                  0x080001b7   Thumb Code     0  startup_stm32f4xx.o(.text)
    DMA1_Stream4_IRQHandler                  0x080001b7   Thumb Code     0  startup_stm32f4xx.o(.text)
    DMA1_Stream6_IRQHandler                  0x080001b7   Thumb Code     0  startup_stm32f4xx.o(.text)
    DMA1_Stream7_IRQHandler                  0x080001b7   Thumb Code     0  startup_stm32f4xx.o(.text)
    DMA2_Stream0_IRQHandler                  0x080001b7   Thumb Code     0  startup_stm32f4xx.o(.text)
    DMA2_Stream1_IRQHandler                  0x080001b7   Thumb Code     0  startup_stm32f4xx.o(.text)
    DMA2_Stream2_IRQHandler                  0x080001b7   Thumb Code     0  startup_stm32f4xx.o(.text)
    DMA2_Stream3_IRQHandler                  0x080001b7   Thumb Code     0  startup_stm32f4xx.o(.text)
    DMA2_Stream4_IRQHandler                  0x080001b7   Thumb Code     0  startup_stm32f4xx.o(.text)
    DMA2_Stream5_IRQHandler                  0x080001b7   Thumb Code     0  startup_stm32f4xx.o(.text)
    DMA2_Stream6_IRQHandler                  0x080001b7   Thumb Code     0  startup_stm32f4xx.o(.text)
    DMA2_Stream7_IRQHandler                  0x080001b7   Thumb Code     0  startup_stm32f4xx.o(.text)
    ETH_IRQHandler                           0x080001b7   Thumb Code     0  startup_stm32f4xx.o(.text)
    ETH_WKUP_IRQHandler                      0x080001b7   Thumb Code     0  startup_stm32f4xx.o(.text)
    EXTI0_IRQHandler                         0x080001b7   Thumb Code     0  startup_stm32f4xx.o(.text)
    EXTI15_10_IRQHandler                     0x080001b7   Thumb Code     0  startup_stm32f4xx.o(.text)
    EXTI1_IRQHandler                         0x080001b7   Thumb Code     0  startup_stm32f4xx.o(.text)
    EXTI2_IRQHandler                         0x080001b7   Thumb Code     0  startup_stm32f4xx.o(.text)
    EXTI3_IRQHandler                         0x080001b7   Thumb Code     0  startup_stm32f4xx.o(.text)
    EXTI4_IRQHandler                         0x080001b7   Thumb Code     0  startup_stm32f4xx.o(.text)
    EXTI9_5_IRQHandler                       0x080001b7   Thumb Code     0  startup_stm32f4xx.o(.text)
    FLASH_IRQHandler                         0x080001b7   Thumb Code     0  startup_stm32f4xx.o(.text)
    FPU_IRQHandler                           0x080001b7   Thumb Code     0  startup_stm32f4xx.o(.text)
    FSMC_IRQHandler                          0x080001b7   Thumb Code     0  startup_stm32f4xx.o(.text)
    HASH_RNG_IRQHandler                      0x080001b7   Thumb Code     0  startup_stm32f4xx.o(.text)
    I2C1_ER_IRQHandler                       0x080001b7   Thumb Code     0  startup_stm32f4xx.o(.text)
    I2C1_EV_IRQHandler                       0x080001b7   Thumb Code     0  startup_stm32f4xx.o(.text)
    I2C2_ER_IRQHandler                       0x080001b7   Thumb Code     0  startup_stm32f4xx.o(.text)
    I2C2_EV_IRQHandler                       0x080001b7   Thumb Code     0  startup_stm32f4xx.o(.text)
    I2C3_ER_IRQHandler                       0x080001b7   Thumb Code     0  startup_stm32f4xx.o(.text)
    I2C3_EV_IRQHandler                       0x080001b7   Thumb Code     0  startup_stm32f4xx.o(.text)
    OTG_FS_IRQHandler                        0x080001b7   Thumb Code     0  startup_stm32f4xx.o(.text)
    OTG_FS_WKUP_IRQHandler                   0x080001b7   Thumb Code     0  startup_stm32f4xx.o(.text)
    OTG_HS_EP1_IN_IRQHandler                 0x080001b7   Thumb Code     0  startup_stm32f4xx.o(.text)
    OTG_HS_EP1_OUT_IRQHandler                0x080001b7   Thumb Code     0  startup_stm32f4xx.o(.text)
    OTG_HS_IRQHandler                        0x080001b7   Thumb Code     0  startup_stm32f4xx.o(.text)
    OTG_HS_WKUP_IRQHandler                   0x080001b7   Thumb Code     0  startup_stm32f4xx.o(.text)
    PVD_IRQHandler                           0x080001b7   Thumb Code     0  startup_stm32f4xx.o(.text)
    RCC_IRQHandler                           0x080001b7   Thumb Code     0  startup_stm32f4xx.o(.text)
    RTC_Alarm_IRQHandler                     0x080001b7   Thumb Code     0  startup_stm32f4xx.o(.text)
    RTC_WKUP_IRQHandler                      0x080001b7   Thumb Code     0  startup_stm32f4xx.o(.text)
    SDIO_IRQHandler                          0x080001b7   Thumb Code     0  startup_stm32f4xx.o(.text)
    SPI1_IRQHandler                          0x080001b7   Thumb Code     0  startup_stm32f4xx.o(.text)
    SPI2_IRQHandler                          0x080001b7   Thumb Code     0  startup_stm32f4xx.o(.text)
    SPI3_IRQHandler                          0x080001b7   Thumb Code     0  startup_stm32f4xx.o(.text)
    TAMP_STAMP_IRQHandler                    0x080001b7   Thumb Code     0  startup_stm32f4xx.o(.text)
    TIM1_BRK_TIM9_IRQHandler                 0x080001b7   Thumb Code     0  startup_stm32f4xx.o(.text)
    TIM1_CC_IRQHandler                       0x080001b7   Thumb Code     0  startup_stm32f4xx.o(.text)
    TIM1_TRG_COM_TIM11_IRQHandler            0x080001b7   Thumb Code     0  startup_stm32f4xx.o(.text)
    TIM1_UP_TIM10_IRQHandler                 0x080001b7   Thumb Code     0  startup_stm32f4xx.o(.text)
    TIM6_DAC_IRQHandler                      0x080001b7   Thumb Code     0  startup_stm32f4xx.o(.text)
    TIM7_IRQHandler                          0x080001b7   Thumb Code     0  startup_stm32f4xx.o(.text)
    TIM8_BRK_TIM12_IRQHandler                0x080001b7   Thumb Code     0  startup_stm32f4xx.o(.text)
    TIM8_CC_IRQHandler                       0x080001b7   Thumb Code     0  startup_stm32f4xx.o(.text)
    TIM8_TRG_COM_TIM14_IRQHandler            0x080001b7   Thumb Code     0  startup_stm32f4xx.o(.text)
    TIM8_UP_TIM13_IRQHandler                 0x080001b7   Thumb Code     0  startup_stm32f4xx.o(.text)
    UART4_IRQHandler                         0x080001b7   Thumb Code     0  startup_stm32f4xx.o(.text)
    UART5_IRQHandler                         0x080001b7   Thumb Code     0  startup_stm32f4xx.o(.text)
    USART2_IRQHandler                        0x080001b7   Thumb Code     0  startup_stm32f4xx.o(.text)
    USART3_IRQHandler                        0x080001b7   Thumb Code     0  startup_stm32f4xx.o(.text)
    USART6_IRQHandler                        0x080001b7   Thumb Code     0  startup_stm32f4xx.o(.text)
    WWDG_IRQHandler                          0x080001b7   Thumb Code     0  startup_stm32f4xx.o(.text)
    __aeabi_uidiv                            0x080001c1   Thumb Code     0  uidiv.o(.text)
    __aeabi_uidivmod                         0x080001c1   Thumb Code    44  uidiv.o(.text)
    __I$use$fp                               0x080001ed   Thumb Code     0  iusefp.o(.text)
    __scatterload                            0x080001ed   Thumb Code    28  init.o(.text)
    __scatterload_rt2                        0x080001ed   Thumb Code     0  init.o(.text)
    __decompress                             0x08000211   Thumb Code     0  __dczerorl2.o(.text)
    __decompress1                            0x08000211   Thumb Code    86  __dczerorl2.o(.text)
    BusFault_Handler                         0x08000267   Thumb Code     2  stm32f4xx_it.o(i.BusFault_Handler)
    ClearEncoder                             0x08000269   Thumb Code    48  config_encoder.o(i.ClearEncoder)
    ConfigEncoder                            0x080002a9   Thumb Code    46  config_encoder.o(i.ConfigEncoder)
    Config_Input_Digital                     0x080002d9   Thumb Code    90  config_io.o(i.Config_Input_Digital)
    Config_Output_Digital                    0x08000345   Thumb Code    74  config_io.o(i.Config_Output_Digital)
    Config_timer67                           0x0800039d   Thumb Code   112  config_pwm.o(i.Config_timer67)
    DMA1_Stream5_IRQHandler                  0x0800041d   Thumb Code    84  elec_compass.o(i.DMA1_Stream5_IRQHandler)
    DMA_ClearITPendingBit                    0x08000491   Thumb Code    32  stm32f4xx_dma.o(i.DMA_ClearITPendingBit)
    DMA_Cmd                                  0x080004bd   Thumb Code    20  stm32f4xx_dma.o(i.DMA_Cmd)
    DMA_GetFlagStatus                        0x080004d1   Thumb Code    40  stm32f4xx_dma.o(i.DMA_GetFlagStatus)
    DMA_ITConfig                             0x08000505   Thumb Code    44  stm32f4xx_dma.o(i.DMA_ITConfig)
    DMA_Init                                 0x08000531   Thumb Code    80  stm32f4xx_dma.o(i.DMA_Init)
    Da_huong_4banh                           0x08000585   Thumb Code  1532  main.o(i.Da_huong_4banh)
    DebugMon_Handler                         0x08000b91   Thumb Code     2  stm32f4xx_it.o(i.DebugMon_Handler)
    Encoder1_Tim2_Init                       0x08000b95   Thumb Code   220  config_encoder.o(i.Encoder1_Tim2_Init)
    Encoder2_Tim3_Init                       0x08000c79   Thumb Code   180  config_encoder.o(i.Encoder2_Tim3_Init)
    Encoder3_Tim4_Init                       0x08000d35   Thumb Code   182  config_encoder.o(i.Encoder3_Tim4_Init)
    Encoder4_Tim5_Init                       0x08000df5   Thumb Code   176  config_encoder.o(i.Encoder4_Tim5_Init)
    GPIO_Init                                0x08000ead   Thumb Code   162  stm32f4xx_gpio.o(i.GPIO_Init)
    GPIO_PinAFConfig                         0x08000f4f   Thumb Code    32  stm32f4xx_gpio.o(i.GPIO_PinAFConfig)
    Gamepad_hc05                             0x08000f71   Thumb Code   442  main.o(i.Gamepad_hc05)
    HardFault_Handler                        0x08001229   Thumb Code     2  stm32f4xx_it.o(i.HardFault_Handler)
    MemManage_Handler                        0x0800122b   Thumb Code     2  stm32f4xx_it.o(i.MemManage_Handler)
    NMI_Handler                              0x0800122d   Thumb Code     2  stm32f4xx_it.o(i.NMI_Handler)
    NVIC_Config_tim2                         0x0800122f   Thumb Code    34  config_encoder.o(i.NVIC_Config_tim2)
    NVIC_Config_tim3                         0x08001251   Thumb Code    34  config_encoder.o(i.NVIC_Config_tim3)
    NVIC_Config_tim4                         0x08001273   Thumb Code    34  config_encoder.o(i.NVIC_Config_tim4)
    NVIC_Config_tim5                         0x08001295   Thumb Code    34  config_encoder.o(i.NVIC_Config_tim5)
    NVIC_Init                                0x080012b9   Thumb Code    96  misc.o(i.NVIC_Init)
    PendSV_Handler                           0x0800131d   Thumb Code     2  stm32f4xx_it.o(i.PendSV_Handler)
    RCC_AHB1PeriphClockCmd                   0x08001321   Thumb Code    18  stm32f4xx_rcc.o(i.RCC_AHB1PeriphClockCmd)
    RCC_APB1PeriphClockCmd                   0x08001339   Thumb Code    18  stm32f4xx_rcc.o(i.RCC_APB1PeriphClockCmd)
    RCC_APB2PeriphClockCmd                   0x08001351   Thumb Code    18  stm32f4xx_rcc.o(i.RCC_APB2PeriphClockCmd)
    RCC_GetClocksFreq                        0x08001369   Thumb Code   132  stm32f4xx_rcc.o(i.RCC_GetClocksFreq)
    ReadEncoder                              0x080013f9   Thumb Code    52  config_encoder.o(i.ReadEncoder)
    SVC_Handler                              0x0800143d   Thumb Code     2  stm32f4xx_it.o(i.SVC_Handler)
    SysTick_Handler                          0x08001441   Thumb Code   144  stm32f4xx_it.o(i.SysTick_Handler)
    SystemInit                               0x0800150d   Thumb Code    74  system_stm32f4xx.o(i.SystemInit)
    TIM2_IRQHandler                          0x080015cd   Thumb Code    30  config_encoder.o(i.TIM2_IRQHandler)
    TIM3_IRQHandler                          0x080015f1   Thumb Code    32  config_encoder.o(i.TIM3_IRQHandler)
    TIM4_IRQHandler                          0x08001619   Thumb Code    32  config_encoder.o(i.TIM4_IRQHandler)
    TIM5_IRQHandler                          0x08001641   Thumb Code    32  config_encoder.o(i.TIM5_IRQHandler)
    TIM_ARRPreloadConfig                     0x08001669   Thumb Code    20  stm32f4xx_tim.o(i.TIM_ARRPreloadConfig)
    TIM_Cmd                                  0x0800167d   Thumb Code    20  stm32f4xx_tim.o(i.TIM_Cmd)
    TIM_CtrlPWMOutputs                       0x08001691   Thumb Code    22  stm32f4xx_tim.o(i.TIM_CtrlPWMOutputs)
    TIM_EncoderInterfaceConfig               0x080016a7   Thumb Code    50  stm32f4xx_tim.o(i.TIM_EncoderInterfaceConfig)
    TIM_ICInit                               0x080016d9   Thumb Code   172  stm32f4xx_tim.o(i.TIM_ICInit)
    TIM_ITConfig                             0x08001785   Thumb Code    16  stm32f4xx_tim.o(i.TIM_ITConfig)
    TIM_OC1Init                              0x08001795   Thumb Code    88  stm32f4xx_tim.o(i.TIM_OC1Init)
    TIM_OC2Init                              0x080017f5   Thumb Code   120  stm32f4xx_tim.o(i.TIM_OC2Init)
    TIM_OC3Init                              0x08001875   Thumb Code   116  stm32f4xx_tim.o(i.TIM_OC3Init)
    TIM_OC4Init                              0x080018f1   Thumb Code    88  stm32f4xx_tim.o(i.TIM_OC4Init)
    TIM_SetCounter                           0x08001951   Thumb Code     4  stm32f4xx_tim.o(i.TIM_SetCounter)
    TIM_SetIC1Prescaler                      0x08001955   Thumb Code    16  stm32f4xx_tim.o(i.TIM_SetIC1Prescaler)
    TIM_SetIC2Prescaler                      0x08001965   Thumb Code    24  stm32f4xx_tim.o(i.TIM_SetIC2Prescaler)
    TIM_SetIC3Prescaler                      0x0800197d   Thumb Code    16  stm32f4xx_tim.o(i.TIM_SetIC3Prescaler)
    TIM_SetIC4Prescaler                      0x0800198d   Thumb Code    24  stm32f4xx_tim.o(i.TIM_SetIC4Prescaler)
    TIM_TimeBaseInit                         0x080019a5   Thumb Code    96  stm32f4xx_tim.o(i.TIM_TimeBaseInit)
    Tang_giam_SPEED                          0x08001a21   Thumb Code   212  stm32f4xx_it.o(i.Tang_giam_SPEED)
    USART1_IRQHandler                        0x08001b11   Thumb Code   120  stm32f4xx_it.o(i.USART1_IRQHandler)
    USART_ClearFlag                          0x08001bb1   Thumb Code     6  stm32f4xx_usart.o(i.USART_ClearFlag)
    USART_ClearITPendingBit                  0x08001bb7   Thumb Code    12  stm32f4xx_usart.o(i.USART_ClearITPendingBit)
    USART_Cmd                                0x08001bc3   Thumb Code    20  stm32f4xx_usart.o(i.USART_Cmd)
    USART_DMACmd                             0x08001bd7   Thumb Code    16  stm32f4xx_usart.o(i.USART_DMACmd)
    USART_GetITStatus                        0x08001be7   Thumb Code    62  stm32f4xx_usart.o(i.USART_GetITStatus)
    USART_ITConfig                           0x08001c25   Thumb Code    48  stm32f4xx_usart.o(i.USART_ITConfig)
    USART_Init                               0x08001c55   Thumb Code   164  stm32f4xx_usart.o(i.USART_Init)
    UsageFault_Handler                       0x08001d01   Thumb Code     2  stm32f4xx_it.o(i.UsageFault_Handler)
    __0sprintf$6                             0x08001d05   Thumb Code    34  printf6.o(i.__0sprintf$6)
    __1sprintf$6                             0x08001d05   Thumb Code     0  printf6.o(i.__0sprintf$6)
    __2sprintf                               0x08001d05   Thumb Code     0  printf6.o(i.__0sprintf$6)
    __hardfp_cosf                            0x08001d2d   Thumb Code   280  cosf.o(i.__hardfp_cosf)
    __mathlib_flt_infnan                     0x08001e7d   Thumb Code     6  funder.o(i.__mathlib_flt_infnan)
    __mathlib_flt_invalid                    0x08001e85   Thumb Code    10  funder.o(i.__mathlib_flt_invalid)
    __mathlib_rredf2                         0x08001e95   Thumb Code   316  rredf.o(i.__mathlib_rredf2)
    __scatterload_copy                       0x08001fe9   Thumb Code    14  handlers.o(i.__scatterload_copy)
    __scatterload_null                       0x08001ff7   Thumb Code     2  handlers.o(i.__scatterload_null)
    __scatterload_zeroinit                   0x08001ff9   Thumb Code    14  handlers.o(i.__scatterload_zeroinit)
    __set_errno                              0x08002009   Thumb Code     6  errno.o(i.__set_errno)
    config_PWM                               0x08002361   Thumb Code   400  config_pwm.o(i.config_PWM)
    config_clock_external                    0x08002505   Thumb Code   162  system_stm32f4xx.o(i.config_clock_external)
    config_compass                           0x080025b9   Thumb Code    24  elec_compass.o(i.config_compass)
    config_dma_uart2_rx                      0x080025d1   Thumb Code   110  elec_compass.o(i.config_dma_uart2_rx)
    config_ngat_dma1_uart2_rx_compass        0x0800264d   Thumb Code    44  elec_compass.o(i.config_ngat_dma1_uart2_rx_compass)
    config_uart1                             0x0800267d   Thumb Code   174  config_uart.o(i.config_uart1)
    config_uart2                             0x08002735   Thumb Code   136  config_uart.o(i.config_uart2)
    config_uart4                             0x080027c5   Thumb Code   136  config_uart.o(i.config_uart4)
    delay_ms                                 0x0800286d   Thumb Code    22  config_pwm.o(i.delay_ms)
    delay_us                                 0x08002885   Thumb Code    14  config_pwm.o(i.delay_us)
    lcd_Control_Write                        0x08002899   Thumb Code    14  lcd.o(i.lcd_Control_Write)
    lcd_Data_Write                           0x080028ad   Thumb Code    26  lcd.o(i.lcd_Data_Write)
    lcd_Goto                                 0x080028cd   Thumb Code    48  lcd.o(i.lcd_Goto)
    lcd_Init                                 0x080028fd   Thumb Code    98  lcd.o(i.lcd_Init)
    lcd_Init_HW                              0x08002961   Thumb Code   112  lcd.o(i.lcd_Init_HW)
    lcd_Print_Data                           0x080029d5   Thumb Code    20  lcd.o(i.lcd_Print_Data)
    lcd_data_line_write                      0x080029e9   Thumb Code   198  lcd.o(i.lcd_data_line_write)
    main                                     0x08002ab5   Thumb Code   224  main.o(i.main)
    test_TZ2                                 0x08002bc9   Thumb Code   162  main.o(i.test_TZ2)
    test_chay_xoay                           0x08002c81   Thumb Code   138  main.o(i.test_chay_xoay)
    test_goc1                                0x08002d21   Thumb Code   588  main.o(i.test_goc1)
    Region$$Table$$Base                      0x08002ff0   Number         0  anon$$obj.o(Region$$Table)
    Region$$Table$$Limit                     0x08003010   Number         0  anon$$obj.o(Region$$Table)
    Dir1_debug                               0x20000000   Data           1  main.o(.data)
    speed_debug                              0x20000001   Data           1  main.o(.data)
    Value_vantoc_goc                         0x20000002   Data           1  main.o(.data)
    giatoc                                   0x20000003   Data           1  main.o(.data)
    Enable_rotate_one_spot                   0x20000004   Data           1  main.o(.data)
    Lock_Whell                               0x20000005   Data           1  main.o(.data)
    Giatoc_tinh_tien                         0x20000006   Data           1  main.o(.data)
    Command_compass                          0x20000007   Data           1  main.o(.data)
    SPEED                                    0x20000008   Data           2  main.o(.data)
    SPEED_QUAY                               0x2000000a   Data           2  main.o(.data)
    _value_compass                           0x2000000c   Data           2  main.o(.data)
    SPEED_mong_muon                          0x2000000e   Data           2  main.o(.data)
    Huong_xoay                               0x20000010   Data           2  main.o(.data)
    Toc_doxoay                               0x20000012   Data           2  main.o(.data)
    SPEED_tinhtien                           0x20000014   Data           2  main.o(.data)
    Beta                                     0x20000016   Data           2  main.o(.data)
    xoay                                     0x20000018   Data           2  main.o(.data)
    value_game                               0x2000001a   Data           2  main.o(.data)
    value_compass                            0x2000001c   Data           2  main.o(.data)
    tick_time_gu32                           0x20000020   Data           4  main.o(.data)
    Huong_tinh_tien                          0x20000024   Data           4  main.o(.data)
    TestencoderTimer3                        0x20000028   Data           4  main.o(.data)
    TestencoderTimer2                        0x2000002c   Data           4  main.o(.data)
    TestencoderTimer4                        0x20000030   Data           4  main.o(.data)
    TestencoderTimer1                        0x20000034   Data           4  main.o(.data)
    sai_so_goc                               0x20000038   Data           4  main.o(.data)
    GocA                                     0x2000003c   Data           4  main.o(.data)
    GocB                                     0x20000040   Data           4  main.o(.data)
    GocC                                     0x20000044   Data           4  main.o(.data)
    GocD                                     0x20000048   Data           4  main.o(.data)
    value_pwmA                               0x2000004c   Data           4  main.o(.data)
    value_pwmB                               0x20000050   Data           4  main.o(.data)
    value_pwmC                               0x20000054   Data           4  main.o(.data)
    value_pwmD                               0x20000058   Data           4  main.o(.data)
    value_cosA                               0x2000005c   Data           4  main.o(.data)
    value_cosB                               0x20000060   Data           4  main.o(.data)
    value_cosC                               0x20000064   Data           4  main.o(.data)
    value_cosD                               0x20000068   Data           4  main.o(.data)
    MotorA                                   0x2000006c   Data          28  main.o(.data)
    MotorB                                   0x20000088   Data          28  main.o(.data)
    MotorC                                   0x200000a4   Data          28  main.o(.data)
    MotorD                                   0x200000c0   Data          28  main.o(.data)
    getchar_u8                               0x200000dc   Data           1  main.o(.data)
    G_Z                                      0x200000de   Data           2  main.o(.data)
    G_Y                                      0x200000e0   Data           2  main.o(.data)
    G_X                                      0x200000e2   Data           2  main.o(.data)
    cnt                                      0x200000e4   Data           1  main.o(.data)
    value_game_Joytic_Left                   0x200000e6   Data           2  main.o(.data)
    value_game_Joytic_Right                  0x200000e8   Data           2  main.o(.data)
    ktra                                     0x200000ea   Data           1  main.o(.data)
    gamepad_timeout                          0x200000f0   Data           2  stm32f4xx_it.o(.data)
    SystemCoreClock                          0x200000f4   Data           4  system_stm32f4xx.o(.data)
    AHBPrescTable                            0x200000f8   Data          16  system_stm32f4xx.o(.data)
    _so_vong_e1                              0x20000108   Data           4  config_encoder.o(.data)
    _so_vong_e2                              0x2000010c   Data           4  config_encoder.o(.data)
    _so_vong_e3                              0x20000110   Data           4  config_encoder.o(.data)
    _so_vong_e4                              0x20000114   Data           4  config_encoder.o(.data)
    _Rx2Buffer                               0x20000118   Data           2  elec_compass.o(.data)
    RX_USART2                                0x2000011a   Data           2  elec_compass.o(.data)
    buff_game                                0x20000130   Data          10  main.o(.bss)
    buff_speed                               0x2000013a   Data         100  main.o(.bss)
    __initial_sp                             0x200005a0   Data           0  startup_stm32f4xx.o(STACK)



==============================================================================

Memory Map of the image

  Image Entry point : 0x08000189

  Load Region LR_IROM1 (Base: 0x08000000, Size: 0x00003140, Max: 0x00080000, ABSOLUTE, COMPRESSED[0x00003034])

    Execution Region ER_IROM1 (Exec base: 0x08000000, Load base: 0x08000000, Size: 0x00003010, Max: 0x00080000, ABSOLUTE)

    Exec Addr    Load Addr    Size         Type   Attr      Idx    E Section Name        Object

    0x08000000   0x08000000   0x00000188   Data   RO         4875    RESET               startup_stm32f4xx.o
    0x08000188   0x08000188   0x00000000   Code   RO         4892  * .ARM.Collect$$$$00000000  mc_w.l(entry.o)
    0x08000188   0x08000188   0x00000004   Code   RO         5173    .ARM.Collect$$$$00000001  mc_w.l(entry2.o)
    0x0800018c   0x0800018c   0x00000004   Code   RO         5176    .ARM.Collect$$$$00000004  mc_w.l(entry5.o)
    0x08000190   0x08000190   0x00000000   Code   RO         5178    .ARM.Collect$$$$00000008  mc_w.l(entry7b.o)
    0x08000190   0x08000190   0x00000000   Code   RO         5180    .ARM.Collect$$$$0000000A  mc_w.l(entry8b.o)
    0x08000190   0x08000190   0x00000008   Code   RO         5181    .ARM.Collect$$$$0000000B  mc_w.l(entry9a.o)
    0x08000198   0x08000198   0x00000000   Code   RO         5183    .ARM.Collect$$$$0000000D  mc_w.l(entry10a.o)
    0x08000198   0x08000198   0x00000000   Code   RO         5185    .ARM.Collect$$$$0000000F  mc_w.l(entry11a.o)
    0x08000198   0x08000198   0x00000004   Code   RO         5174    .ARM.Collect$$$$00002712  mc_w.l(entry2.o)
    0x0800019c   0x0800019c   0x00000024   Code   RO         4876    .text               startup_stm32f4xx.o
    0x080001c0   0x080001c0   0x0000002c   Code   RO         5190    .text               mc_w.l(uidiv.o)
    0x080001ec   0x080001ec   0x00000000   Code   RO         5201    .text               mc_w.l(iusefp.o)
    0x080001ec   0x080001ec   0x00000024   Code   RO         5212    .text               mc_w.l(init.o)
    0x08000210   0x08000210   0x00000056   Code   RO         5232    .text               mc_w.l(__dczerorl2.o)
    0x08000266   0x08000266   0x00000002   Code   RO          288    i.BusFault_Handler  stm32f4xx_it.o
    0x08000268   0x08000268   0x00000040   Code   RO          544    i.ClearEncoder      config_encoder.o
    0x080002a8   0x080002a8   0x0000002e   Code   RO          545    i.ConfigEncoder     config_encoder.o
    0x080002d6   0x080002d6   0x00000002   PAD
    0x080002d8   0x080002d8   0x0000006c   Code   RO          840    i.Config_Input_Digital  config_io.o
    0x08000344   0x08000344   0x00000058   Code   RO          841    i.Config_Output_Digital  config_io.o
    0x0800039c   0x0800039c   0x00000080   Code   RO          685    i.Config_timer67    config_pwm.o
    0x0800041c   0x0800041c   0x00000074   Code   RO          722    i.DMA1_Stream5_IRQHandler  elec_compass.o
    0x08000490   0x08000490   0x0000002c   Code   RO         2165    i.DMA_ClearITPendingBit  stm32f4xx_dma.o
    0x080004bc   0x080004bc   0x00000014   Code   RO         2166    i.DMA_Cmd           stm32f4xx_dma.o
    0x080004d0   0x080004d0   0x00000034   Code   RO         2175    i.DMA_GetFlagStatus  stm32f4xx_dma.o
    0x08000504   0x08000504   0x0000002c   Code   RO         2177    i.DMA_ITConfig      stm32f4xx_dma.o
    0x08000530   0x08000530   0x00000054   Code   RO         2178    i.DMA_Init          stm32f4xx_dma.o
    0x08000584   0x08000584   0x0000060c   Code   RO            2    i.Da_huong_4banh    main.o
    0x08000b90   0x08000b90   0x00000002   Code   RO          289    i.DebugMon_Handler  stm32f4xx_it.o
    0x08000b92   0x08000b92   0x00000002   PAD
    0x08000b94   0x08000b94   0x000000e4   Code   RO          546    i.Encoder1_Tim2_Init  config_encoder.o
    0x08000c78   0x08000c78   0x000000bc   Code   RO          547    i.Encoder2_Tim3_Init  config_encoder.o
    0x08000d34   0x08000d34   0x000000c0   Code   RO          548    i.Encoder3_Tim4_Init  config_encoder.o
    0x08000df4   0x08000df4   0x000000b8   Code   RO          549    i.Encoder4_Tim5_Init  config_encoder.o
    0x08000eac   0x08000eac   0x000000a2   Code   RO         1881    i.GPIO_Init         stm32f4xx_gpio.o
    0x08000f4e   0x08000f4e   0x00000020   Code   RO         1882    i.GPIO_PinAFConfig  stm32f4xx_gpio.o
    0x08000f6e   0x08000f6e   0x00000002   PAD
    0x08000f70   0x08000f70   0x000002b8   Code   RO            4    i.Gamepad_hc05      main.o
    0x08001228   0x08001228   0x00000002   Code   RO          290    i.HardFault_Handler  stm32f4xx_it.o
    0x0800122a   0x0800122a   0x00000002   Code   RO          291    i.MemManage_Handler  stm32f4xx_it.o
    0x0800122c   0x0800122c   0x00000002   Code   RO          292    i.NMI_Handler       stm32f4xx_it.o
    0x0800122e   0x0800122e   0x00000022   Code   RO          550    i.NVIC_Config_tim2  config_encoder.o
    0x08001250   0x08001250   0x00000022   Code   RO          551    i.NVIC_Config_tim3  config_encoder.o
    0x08001272   0x08001272   0x00000022   Code   RO          552    i.NVIC_Config_tim4  config_encoder.o
    0x08001294   0x08001294   0x00000022   Code   RO          553    i.NVIC_Config_tim5  config_encoder.o
    0x080012b6   0x080012b6   0x00000002   PAD
    0x080012b8   0x080012b8   0x00000064   Code   RO          873    i.NVIC_Init         misc.o
    0x0800131c   0x0800131c   0x00000002   Code   RO          293    i.PendSV_Handler    stm32f4xx_it.o
    0x0800131e   0x0800131e   0x00000002   PAD
    0x08001320   0x08001320   0x00000018   Code   RO         1055    i.RCC_AHB1PeriphClockCmd  stm32f4xx_rcc.o
    0x08001338   0x08001338   0x00000018   Code   RO         1064    i.RCC_APB1PeriphClockCmd  stm32f4xx_rcc.o
    0x08001350   0x08001350   0x00000018   Code   RO         1067    i.RCC_APB2PeriphClockCmd  stm32f4xx_rcc.o
    0x08001368   0x08001368   0x00000090   Code   RO         1076    i.RCC_GetClocksFreq  stm32f4xx_rcc.o
    0x080013f8   0x080013f8   0x00000044   Code   RO          554    i.ReadEncoder       config_encoder.o
    0x0800143c   0x0800143c   0x00000002   Code   RO          294    i.SVC_Handler       stm32f4xx_it.o
    0x0800143e   0x0800143e   0x00000002   PAD
    0x08001440   0x08001440   0x000000cc   Code   RO          295    i.SysTick_Handler   stm32f4xx_it.o
    0x0800150c   0x0800150c   0x0000005c   Code   RO          483    i.SystemInit        system_stm32f4xx.o
    0x08001568   0x08001568   0x0000002e   Code   RO         1334    i.TI1_Config        stm32f4xx_tim.o
    0x08001596   0x08001596   0x00000036   Code   RO         1335    i.TI2_Config        stm32f4xx_tim.o
    0x080015cc   0x080015cc   0x00000024   Code   RO          555    i.TIM2_IRQHandler   config_encoder.o
    0x080015f0   0x080015f0   0x00000028   Code   RO          556    i.TIM3_IRQHandler   config_encoder.o
    0x08001618   0x08001618   0x00000028   Code   RO          557    i.TIM4_IRQHandler   config_encoder.o
    0x08001640   0x08001640   0x00000028   Code   RO          558    i.TIM5_IRQHandler   config_encoder.o
    0x08001668   0x08001668   0x00000014   Code   RO         1336    i.TIM_ARRPreloadConfig  stm32f4xx_tim.o
    0x0800167c   0x0800167c   0x00000014   Code   RO         1348    i.TIM_Cmd           stm32f4xx_tim.o
    0x08001690   0x08001690   0x00000016   Code   RO         1350    i.TIM_CtrlPWMOutputs  stm32f4xx_tim.o
    0x080016a6   0x080016a6   0x00000032   Code   RO         1357    i.TIM_EncoderInterfaceConfig  stm32f4xx_tim.o
    0x080016d8   0x080016d8   0x000000ac   Code   RO         1371    i.TIM_ICInit        stm32f4xx_tim.o
    0x08001784   0x08001784   0x00000010   Code   RO         1373    i.TIM_ITConfig      stm32f4xx_tim.o
    0x08001794   0x08001794   0x00000060   Code   RO         1377    i.TIM_OC1Init       stm32f4xx_tim.o
    0x080017f4   0x080017f4   0x00000080   Code   RO         1382    i.TIM_OC2Init       stm32f4xx_tim.o
    0x08001874   0x08001874   0x0000007c   Code   RO         1387    i.TIM_OC3Init       stm32f4xx_tim.o
    0x080018f0   0x080018f0   0x00000060   Code   RO         1392    i.TIM_OC4Init       stm32f4xx_tim.o
    0x08001950   0x08001950   0x00000004   Code   RO         1414    i.TIM_SetCounter    stm32f4xx_tim.o
    0x08001954   0x08001954   0x00000010   Code   RO         1415    i.TIM_SetIC1Prescaler  stm32f4xx_tim.o
    0x08001964   0x08001964   0x00000018   Code   RO         1416    i.TIM_SetIC2Prescaler  stm32f4xx_tim.o
    0x0800197c   0x0800197c   0x00000010   Code   RO         1417    i.TIM_SetIC3Prescaler  stm32f4xx_tim.o
    0x0800198c   0x0800198c   0x00000018   Code   RO         1418    i.TIM_SetIC4Prescaler  stm32f4xx_tim.o
    0x080019a4   0x080019a4   0x0000007c   Code   RO         1420    i.TIM_TimeBaseInit  stm32f4xx_tim.o
    0x08001a20   0x08001a20   0x000000f0   Code   RO          296    i.Tang_giam_SPEED   stm32f4xx_it.o
    0x08001b10   0x08001b10   0x000000a0   Code   RO          297    i.USART1_IRQHandler  stm32f4xx_it.o
    0x08001bb0   0x08001bb0   0x00000006   Code   RO         1977    i.USART_ClearFlag   stm32f4xx_usart.o
    0x08001bb6   0x08001bb6   0x0000000c   Code   RO         1978    i.USART_ClearITPendingBit  stm32f4xx_usart.o
    0x08001bc2   0x08001bc2   0x00000014   Code   RO         1981    i.USART_Cmd         stm32f4xx_usart.o
    0x08001bd6   0x08001bd6   0x00000010   Code   RO         1982    i.USART_DMACmd      stm32f4xx_usart.o
    0x08001be6   0x08001be6   0x0000003e   Code   RO         1985    i.USART_GetITStatus  stm32f4xx_usart.o
    0x08001c24   0x08001c24   0x00000030   Code   RO         1987    i.USART_ITConfig    stm32f4xx_usart.o
    0x08001c54   0x08001c54   0x000000ac   Code   RO         1988    i.USART_Init        stm32f4xx_usart.o
    0x08001d00   0x08001d00   0x00000002   Code   RO          298    i.UsageFault_Handler  stm32f4xx_it.o
    0x08001d02   0x08001d02   0x00000002   PAD
    0x08001d04   0x08001d04   0x00000028   Code   RO         5052    i.__0sprintf$6      mc_w.l(printf6.o)
    0x08001d2c   0x08001d2c   0x00000150   Code   RO         4880    i.__hardfp_cosf     m_wm.l(cosf.o)
    0x08001e7c   0x08001e7c   0x00000006   Code   RO         5157    i.__mathlib_flt_infnan  m_wm.l(funder.o)
    0x08001e82   0x08001e82   0x00000002   PAD
    0x08001e84   0x08001e84   0x00000010   Code   RO         5159    i.__mathlib_flt_invalid  m_wm.l(funder.o)
    0x08001e94   0x08001e94   0x00000154   Code   RO         5170    i.__mathlib_rredf2  m_wm.l(rredf.o)
    0x08001fe8   0x08001fe8   0x0000000e   Code   RO         5226    i.__scatterload_copy  mc_w.l(handlers.o)
    0x08001ff6   0x08001ff6   0x00000002   Code   RO         5227    i.__scatterload_null  mc_w.l(handlers.o)
    0x08001ff8   0x08001ff8   0x0000000e   Code   RO         5228    i.__scatterload_zeroinit  mc_w.l(handlers.o)
    0x08002006   0x08002006   0x00000002   PAD
    0x08002008   0x08002008   0x0000000c   Code   RO         5196    i.__set_errno       mc_w.l(errno.o)
    0x08002014   0x08002014   0x000002f0   Code   RO         5057    i._printf_core      mc_w.l(printf6.o)
    0x08002304   0x08002304   0x00000024   Code   RO         5058    i._printf_post_padding  mc_w.l(printf6.o)
    0x08002328   0x08002328   0x0000002e   Code   RO         5059    i._printf_pre_padding  mc_w.l(printf6.o)
    0x08002356   0x08002356   0x0000000a   Code   RO         5061    i._sputc            mc_w.l(printf6.o)
    0x08002360   0x08002360   0x000001a4   Code   RO          686    i.config_PWM        config_pwm.o
    0x08002504   0x08002504   0x000000b4   Code   RO          484    i.config_clock_external  system_stm32f4xx.o
    0x080025b8   0x080025b8   0x00000018   Code   RO          723    i.config_compass    elec_compass.o
    0x080025d0   0x080025d0   0x0000007c   Code   RO          724    i.config_dma_uart2_rx  elec_compass.o
    0x0800264c   0x0800264c   0x00000030   Code   RO          725    i.config_ngat_dma1_uart2_rx_compass  elec_compass.o
    0x0800267c   0x0800267c   0x000000b8   Code   RO          648    i.config_uart1      config_uart.o
    0x08002734   0x08002734   0x00000090   Code   RO          649    i.config_uart2      config_uart.o
    0x080027c4   0x080027c4   0x00000090   Code   RO          651    i.config_uart4      config_uart.o
    0x08002854   0x08002854   0x00000018   Code   RO          768    i.delay             lcd.o
    0x0800286c   0x0800286c   0x00000016   Code   RO          687    i.delay_ms          config_pwm.o
    0x08002882   0x08002882   0x00000002   PAD
    0x08002884   0x08002884   0x00000014   Code   RO          688    i.delay_us          config_pwm.o
    0x08002898   0x08002898   0x00000014   Code   RO          770    i.lcd_Control_Write  lcd.o
    0x080028ac   0x080028ac   0x00000020   Code   RO          771    i.lcd_Data_Write    lcd.o
    0x080028cc   0x080028cc   0x00000030   Code   RO          772    i.lcd_Goto          lcd.o
    0x080028fc   0x080028fc   0x00000062   Code   RO          774    i.lcd_Init          lcd.o
    0x0800295e   0x0800295e   0x00000002   PAD
    0x08002960   0x08002960   0x00000074   Code   RO          775    i.lcd_Init_HW       lcd.o
    0x080029d4   0x080029d4   0x00000014   Code   RO          776    i.lcd_Print_Data    lcd.o
    0x080029e8   0x080029e8   0x000000cc   Code   RO          777    i.lcd_data_line_write  lcd.o
    0x08002ab4   0x08002ab4   0x00000114   Code   RO            9    i.main              main.o
    0x08002bc8   0x08002bc8   0x000000b8   Code   RO           14    i.test_TZ2          main.o
    0x08002c80   0x08002c80   0x000000a0   Code   RO           15    i.test_chay_xoay    main.o
    0x08002d20   0x08002d20   0x000002b0   Code   RO           16    i.test_goc1         main.o
    0x08002fd0   0x08002fd0   0x00000020   Data   RO         5171    .constdata          m_wm.l(rredf.o)
    0x08002ff0   0x08002ff0   0x00000020   Data   RO         5224    Region$$Table       anon$$obj.o


    Execution Region RW_IRAM1 (Exec base: 0x20000000, Load base: 0x08003010, Size: 0x000005a0, Max: 0x00020000, ABSOLUTE, COMPRESSED[0x00000024])

    Exec Addr    Load Addr    Size         Type   Attr      Idx    E Section Name        Object

    0x20000000   COMPRESSED   0x000000dc   Data   RW           25    .data               main.o
    0x200000dc   COMPRESSED   0x00000001   Data   RW           28    .data               main.o
    0x200000dd   COMPRESSED   0x00000001   PAD
    0x200000de   COMPRESSED   0x00000002   Data   RW           30    .data               main.o
    0x200000e0   COMPRESSED   0x00000002   Data   RW           31    .data               main.o
    0x200000e2   COMPRESSED   0x00000002   Data   RW           32    .data               main.o
    0x200000e4   COMPRESSED   0x00000001   Data   RW           42    .data               main.o
    0x200000e5   COMPRESSED   0x00000001   PAD
    0x200000e6   COMPRESSED   0x00000002   Data   RW           43    .data               main.o
    0x200000e8   COMPRESSED   0x00000002   Data   RW           44    .data               main.o
    0x200000ea   COMPRESSED   0x00000001   Data   RW           45    .data               main.o
    0x200000eb   COMPRESSED   0x00000001   PAD
    0x200000ec   COMPRESSED   0x00000006   Data   RW          299    .data               stm32f4xx_it.o
    0x200000f2   COMPRESSED   0x00000002   PAD
    0x200000f4   COMPRESSED   0x00000014   Data   RW          486    .data               system_stm32f4xx.o
    0x20000108   COMPRESSED   0x00000010   Data   RW          559    .data               config_encoder.o
    0x20000118   COMPRESSED   0x00000004   Data   RW          727    .data               elec_compass.o
    0x2000011c   COMPRESSED   0x00000010   Data   RW         1099    .data               stm32f4xx_rcc.o
    0x2000012c   COMPRESSED   0x00000004   Data   RW         5197    .data               mc_w.l(errno.o)
    0x20000130        -       0x0000000a   Zero   RW           18    .bss                main.o
    0x2000013a        -       0x00000064   Zero   RW           19    .bss                main.o
    0x2000019e   COMPRESSED   0x00000002   PAD
    0x200001a0        -       0x00000400   Zero   RW         4873    STACK               startup_stm32f4xx.o


==============================================================================

Image component sizes


      Code (inc. data)   RO Data    RW Data    ZI Data      Debug   Object Name

      1262         96          0         16          0       9557   config_encoder.o
       196         32          0          0          0       1163   config_io.o
       590         42          0          0          0       2804   config_pwm.o
       472         26          0          0          0       2209   config_uart.o
       312         50          0          4          0       3087   elec_compass.o
       562         26          0          0          0       4794   lcd.o
      3552        488          0        233        110     253853   main.o
       100          4          0          0          0      15952   misc.o
        36          8        392          0       1024        940   startup_stm32f4xx.o
       244         28          0          0          0      17672   stm32f4xx_dma.o
       194          0          0          0          0       8539   stm32f4xx_gpio.o
       620        128          0          6          0     278281   stm32f4xx_it.o
       216         30          0         16          0      17995   stm32f4xx_rcc.o
      1052         60          0          0          0      34826   stm32f4xx_tim.o
       336          8          0          0          0      12337   stm32f4xx_usart.o
       272         36          0         20          0     209461   system_stm32f4xx.o

    ----------------------------------------------------------------------
     10034       1062        424        300       1136     873470   Object Totals
         0          0         32          0          0          0   (incl. Generated)
        18          0          0          5          2          0   (incl. Padding)

    ----------------------------------------------------------------------

      Code (inc. data)   RO Data    RW Data    ZI Data      Debug   Library Member Name

       336         56          0          0          0        136   cosf.o
        22          6          0          0          0        232   funder.o
       340         24         32          0          0        160   rredf.o
        86          0          0          0          0          0   __dczerorl2.o
         0          0          0          0          0          0   entry.o
         0          0          0          0          0          0   entry10a.o
         0          0          0          0          0          0   entry11a.o
         8          4          0          0          0          0   entry2.o
         4          0          0          0          0          0   entry5.o
         0          0          0          0          0          0   entry7b.o
         0          0          0          0          0          0   entry8b.o
         8          4          0          0          0          0   entry9a.o
        12          6          0          4          0         68   errno.o
        30          0          0          0          0          0   handlers.o
        36          8          0          0          0         68   init.o
         0          0          0          0          0          0   iusefp.o
       884         10          0          0          0        420   printf6.o
        44          0          0          0          0         80   uidiv.o

    ----------------------------------------------------------------------
      1814        118         32          4          0       1164   Library Totals
         4          0          0          0          0          0   (incl. Padding)

    ----------------------------------------------------------------------

      Code (inc. data)   RO Data    RW Data    ZI Data      Debug   Library Name

       698         86         32          0          0        528   m_wm.l
      1112         32          0          4          0        636   mc_w.l

    ----------------------------------------------------------------------
      1814        118         32          4          0       1164   Library Totals

    ----------------------------------------------------------------------

==============================================================================


      Code (inc. data)   RO Data    RW Data    ZI Data      Debug   

     11848       1180        456        304       1136     865710   Grand Totals
     11848       1180        456         36       1136     865710   ELF Image Totals (compressed)
     11848       1180        456         36          0          0   ROM Totals

==============================================================================

    Total RO  Size (Code + RO Data)                12304 (  12.02kB)
    Total RW  Size (RW Data + ZI Data)              1440 (   1.41kB)
    Total ROM Size (Code + RO Data + RW Data)      12340 (  12.05kB)

==============================================================================

